[0.829s] Invoking command in '/home/matejko/SLAM_AI/build/ai_slam_gazebo': PS1=(.venv) \[\e]0;\u@\h: \w\a\]${debian_chroot:+($debian_chroot)}\[\033[01;32m\]\u@\h\[\033[00m\]:\[\033[01;34m\]\w\[\033[00m\]\$ PYTHONPATH=/home/matejko/SLAM_AI/build/ai_slam_gazebo/prefix_override:/usr/lib/python3/dist-packages/colcon_core/task/python/colcon_distutils_commands:/home/matejko/SLAM_AI/install/ai_slam_gazebo/lib/python3.12/site-packages:${PYTHONPATH} VIRTUAL_ENV_PROMPT=(.venv) /usr/bin/python3 -W ignore:setup.py install is deprecated -W ignore:easy_install command is deprecated setup.py develop --editable --build-directory /home/matejko/SLAM_AI/build/ai_slam_gazebo/build --no-deps symlink_data
[1.012s] running develop
[1.127s] running egg_info
[1.127s] creating ai_slam_gazebo.egg-info
[1.140s] writing ai_slam_gazebo.egg-info/PKG-INFO
[1.140s] writing dependency_links to ai_slam_gazebo.egg-info/dependency_links.txt
[1.140s] writing requirements to ai_slam_gazebo.egg-info/requires.txt
[1.140s] writing top-level names to ai_slam_gazebo.egg-info/top_level.txt
[1.140s] writing manifest file 'ai_slam_gazebo.egg-info/SOURCES.txt'
[1.163s] reading manifest file 'ai_slam_gazebo.egg-info/SOURCES.txt'
[1.164s] writing manifest file 'ai_slam_gazebo.egg-info/SOURCES.txt'
[1.176s] running build_ext
[1.176s] Creating /home/matejko/SLAM_AI/install/ai_slam_gazebo/lib/python3.12/site-packages/ai-slam-gazebo.egg-link (link to .)
[1.177s] 
[1.177s] Installed /home/matejko/SLAM_AI/build/ai_slam_gazebo
[1.178s] running symlink_data
[1.178s] creating /home/matejko/SLAM_AI/install/ai_slam_gazebo/share/ament_index
[1.179s] creating /home/matejko/SLAM_AI/install/ai_slam_gazebo/share/ament_index/resource_index
[1.179s] creating /home/matejko/SLAM_AI/install/ai_slam_gazebo/share/ament_index/resource_index/packages
[1.179s] symbolically linking /home/matejko/SLAM_AI/build/ai_slam_gazebo/resource/ai_slam_gazebo -> /home/matejko/SLAM_AI/install/ai_slam_gazebo/share/ament_index/resource_index/packages
[1.179s] symbolically linking /home/matejko/SLAM_AI/build/ai_slam_gazebo/package.xml -> /home/matejko/SLAM_AI/install/ai_slam_gazebo/share/ai_slam_gazebo
[1.179s] creating /home/matejko/SLAM_AI/install/ai_slam_gazebo/share/ai_slam_gazebo/worlds
[1.179s] symbolically linking /home/matejko/SLAM_AI/build/ai_slam_gazebo/worlds/ai_slam_world.sdf -> /home/matejko/SLAM_AI/install/ai_slam_gazebo/share/ai_slam_gazebo/worlds
[1.179s] symbolically linking /home/matejko/SLAM_AI/build/ai_slam_gazebo/worlds/world_train_house.sdf -> /home/matejko/SLAM_AI/install/ai_slam_gazebo/share/ai_slam_gazebo/worlds
[1.179s] symbolically linking /home/matejko/SLAM_AI/build/ai_slam_gazebo/worlds/world_test_house.sdf -> /home/matejko/SLAM_AI/install/ai_slam_gazebo/share/ai_slam_gazebo/worlds
[1.179s] creating /home/matejko/SLAM_AI/install/ai_slam_gazebo/share/ai_slam_gazebo/config
[1.179s] symbolically linking /home/matejko/SLAM_AI/build/ai_slam_gazebo/config/bridge.yaml -> /home/matejko/SLAM_AI/install/ai_slam_gazebo/share/ai_slam_gazebo/config
[1.202s] Invoked command in '/home/matejko/SLAM_AI/build/ai_slam_gazebo' returned '0': PS1=(.venv) \[\e]0;\u@\h: \w\a\]${debian_chroot:+($debian_chroot)}\[\033[01;32m\]\u@\h\[\033[00m\]:\[\033[01;34m\]\w\[\033[00m\]\$ PYTHONPATH=/home/matejko/SLAM_AI/build/ai_slam_gazebo/prefix_override:/usr/lib/python3/dist-packages/colcon_core/task/python/colcon_distutils_commands:/home/matejko/SLAM_AI/install/ai_slam_gazebo/lib/python3.12/site-packages:${PYTHONPATH} VIRTUAL_ENV_PROMPT=(.venv) /usr/bin/python3 -W ignore:setup.py install is deprecated -W ignore:easy_install command is deprecated setup.py develop --editable --build-directory /home/matejko/SLAM_AI/build/ai_slam_gazebo/build --no-deps symlink_data
