[0.207s] DEBUG:colcon:Command line arguments: ['/usr/bin/colcon', 'build', '--symlink-install']
[0.207s] DEBUG:colcon:Parsed command line arguments: Namespace(log_base=None, log_level=None, verb_name='build', build_base='build', install_base='install', merge_install=False, symlink_install=True, test_result_base=None, continue_on_error=False, executor='parallel', parallel_workers=20, event_handlers=None, ignore_user_meta=False, metas=['./colcon.meta'], base_paths=['.'], packages_ignore=None, packages_ignore_regex=None, paths=None, packages_up_to=None, packages_up_to_regex=None, packages_above=None, packages_above_and_dependencies=None, packages_above_depth=None, packages_select_by_dep=None, packages_skip_by_dep=None, packages_skip_up_to=None, packages_select_build_failed=False, packages_skip_build_finished=False, packages_select_test_failures=False, packages_skip_test_passed=False, packages_select=None, packages_skip=None, packages_select_regex=None, packages_skip_regex=None, packages_start=None, packages_end=None, allow_overriding=[], cmake_args=None, cmake_target=None, cmake_target_skip_unavailable=False, cmake_clean_cache=False, cmake_clean_first=False, cmake_force_configure=False, ament_cmake_args=None, catkin_cmake_args=None, catkin_skip_building_tests=False, mixin_files=None, mixin=None, verb_parser=<colcon_mixin.mixin.mixin_argument.MixinArgumentDecorator object at 0x774de56e5280>, verb_extension=<colcon_core.verb.build.BuildVerb object at 0x774de5611760>, main=<bound method BuildVerb.main of <colcon_core.verb.build.BuildVerb object at 0x774de5611760>>, mixin_verb=('build',))
[0.228s] Level 1:colcon.colcon_core.package_discovery:discover_packages(colcon_meta) check parameters
[0.229s] Level 1:colcon.colcon_core.package_discovery:discover_packages(recursive) check parameters
[0.229s] Level 1:colcon.colcon_core.package_discovery:discover_packages(ignore) check parameters
[0.229s] Level 1:colcon.colcon_core.package_discovery:discover_packages(path) check parameters
[0.229s] Level 1:colcon.colcon_core.package_discovery:discover_packages(colcon_meta) discover
[0.229s] Level 1:colcon.colcon_core.package_discovery:discover_packages(recursive) discover
[0.229s] INFO:colcon.colcon_core.package_discovery:Crawling recursively for packages in '/home/matejko/SLAM_AI'
[0.229s] Level 1:colcon.colcon_core.package_identification:_identify(.) by extensions ['ignore', 'ignore_ament_install']
[0.229s] Level 1:colcon.colcon_core.package_identification:_identify(.) by extension 'ignore'
[0.229s] Level 1:colcon.colcon_core.package_identification:_identify(.) by extension 'ignore_ament_install'
[0.229s] Level 1:colcon.colcon_core.package_identification:_identify(.) by extensions ['colcon_pkg']
[0.229s] Level 1:colcon.colcon_core.package_identification:_identify(.) by extension 'colcon_pkg'
[0.229s] Level 1:colcon.colcon_core.package_identification:_identify(.) by extensions ['colcon_meta']
[0.229s] Level 1:colcon.colcon_core.package_identification:_identify(.) by extension 'colcon_meta'
[0.229s] Level 1:colcon.colcon_core.package_identification:_identify(.) by extensions ['ros']
[0.229s] Level 1:colcon.colcon_core.package_identification:_identify(.) by extension 'ros'
[0.243s] Level 1:colcon.colcon_core.package_identification:_identify(.) by extensions ['cmake', 'python']
[0.243s] Level 1:colcon.colcon_core.package_identification:_identify(.) by extension 'cmake'
[0.243s] Level 1:colcon.colcon_core.package_identification:_identify(.) by extension 'python'
[0.243s] Level 1:colcon.colcon_core.package_identification:_identify(.) by extensions ['python_setup_py']
[0.243s] Level 1:colcon.colcon_core.package_identification:_identify(.) by extension 'python_setup_py'
[0.243s] Level 1:colcon.colcon_core.package_identification:_identify(ai_slam_ws) by extensions ['ignore', 'ignore_ament_install']
[0.243s] Level 1:colcon.colcon_core.package_identification:_identify(ai_slam_ws) by extension 'ignore'
[0.243s] Level 1:colcon.colcon_core.package_identification:_identify(ai_slam_ws) by extension 'ignore_ament_install'
[0.243s] Level 1:colcon.colcon_core.package_identification:_identify(ai_slam_ws) by extensions ['colcon_pkg']
[0.243s] Level 1:colcon.colcon_core.package_identification:_identify(ai_slam_ws) by extension 'colcon_pkg'
[0.243s] Level 1:colcon.colcon_core.package_identification:_identify(ai_slam_ws) by extensions ['colcon_meta']
[0.243s] Level 1:colcon.colcon_core.package_identification:_identify(ai_slam_ws) by extension 'colcon_meta'
[0.243s] Level 1:colcon.colcon_core.package_identification:_identify(ai_slam_ws) by extensions ['ros']
[0.243s] Level 1:colcon.colcon_core.package_identification:_identify(ai_slam_ws) by extension 'ros'
[0.243s] Level 1:colcon.colcon_core.package_identification:_identify(ai_slam_ws) by extensions ['cmake', 'python']
[0.243s] Level 1:colcon.colcon_core.package_identification:_identify(ai_slam_ws) by extension 'cmake'
[0.243s] Level 1:colcon.colcon_core.package_identification:_identify(ai_slam_ws) by extension 'python'
[0.243s] Level 1:colcon.colcon_core.package_identification:_identify(ai_slam_ws) by extensions ['python_setup_py']
[0.243s] Level 1:colcon.colcon_core.package_identification:_identify(ai_slam_ws) by extension 'python_setup_py'
[0.243s] Level 1:colcon.colcon_core.package_identification:_identify(ai_slam_ws/build) by extensions ['ignore', 'ignore_ament_install']
[0.243s] Level 1:colcon.colcon_core.package_identification:_identify(ai_slam_ws/build) by extension 'ignore'
[0.243s] Level 1:colcon.colcon_core.package_identification:_identify(ai_slam_ws/build) ignored
[0.243s] Level 1:colcon.colcon_core.package_identification:_identify(ai_slam_ws/install) by extensions ['ignore', 'ignore_ament_install']
[0.243s] Level 1:colcon.colcon_core.package_identification:_identify(ai_slam_ws/install) by extension 'ignore'
[0.244s] Level 1:colcon.colcon_core.package_identification:_identify(ai_slam_ws/install) ignored
[0.244s] Level 1:colcon.colcon_core.package_identification:_identify(ai_slam_ws/log) by extensions ['ignore', 'ignore_ament_install']
[0.244s] Level 1:colcon.colcon_core.package_identification:_identify(ai_slam_ws/log) by extension 'ignore'
[0.244s] Level 1:colcon.colcon_core.package_identification:_identify(ai_slam_ws/log) ignored
[0.244s] Level 1:colcon.colcon_core.package_identification:_identify(ai_slam_ws/src) by extensions ['ignore', 'ignore_ament_install']
[0.244s] Level 1:colcon.colcon_core.package_identification:_identify(ai_slam_ws/src) by extension 'ignore'
[0.244s] Level 1:colcon.colcon_core.package_identification:_identify(ai_slam_ws/src) by extension 'ignore_ament_install'
[0.244s] Level 1:colcon.colcon_core.package_identification:_identify(ai_slam_ws/src) by extensions ['colcon_pkg']
[0.244s] Level 1:colcon.colcon_core.package_identification:_identify(ai_slam_ws/src) by extension 'colcon_pkg'
[0.244s] Level 1:colcon.colcon_core.package_identification:_identify(ai_slam_ws/src) by extensions ['colcon_meta']
[0.244s] Level 1:colcon.colcon_core.package_identification:_identify(ai_slam_ws/src) by extension 'colcon_meta'
[0.244s] Level 1:colcon.colcon_core.package_identification:_identify(ai_slam_ws/src) by extensions ['ros']
[0.244s] Level 1:colcon.colcon_core.package_identification:_identify(ai_slam_ws/src) by extension 'ros'
[0.244s] Level 1:colcon.colcon_core.package_identification:_identify(ai_slam_ws/src) by extensions ['cmake', 'python']
[0.244s] Level 1:colcon.colcon_core.package_identification:_identify(ai_slam_ws/src) by extension 'cmake'
[0.244s] Level 1:colcon.colcon_core.package_identification:_identify(ai_slam_ws/src) by extension 'python'
[0.244s] Level 1:colcon.colcon_core.package_identification:_identify(ai_slam_ws/src) by extensions ['python_setup_py']
[0.244s] Level 1:colcon.colcon_core.package_identification:_identify(ai_slam_ws/src) by extension 'python_setup_py'
[0.244s] Level 1:colcon.colcon_core.package_identification:_identify(ai_slam_ws/src/ai_slam_ai) by extensions ['ignore', 'ignore_ament_install']
[0.244s] Level 1:colcon.colcon_core.package_identification:_identify(ai_slam_ws/src/ai_slam_ai) by extension 'ignore'
[0.244s] Level 1:colcon.colcon_core.package_identification:_identify(ai_slam_ws/src/ai_slam_ai) by extension 'ignore_ament_install'
[0.244s] Level 1:colcon.colcon_core.package_identification:_identify(ai_slam_ws/src/ai_slam_ai) by extensions ['colcon_pkg']
[0.244s] Level 1:colcon.colcon_core.package_identification:_identify(ai_slam_ws/src/ai_slam_ai) by extension 'colcon_pkg'
[0.244s] Level 1:colcon.colcon_core.package_identification:_identify(ai_slam_ws/src/ai_slam_ai) by extensions ['colcon_meta']
[0.244s] Level 1:colcon.colcon_core.package_identification:_identify(ai_slam_ws/src/ai_slam_ai) by extension 'colcon_meta'
[0.244s] Level 1:colcon.colcon_core.package_identification:_identify(ai_slam_ws/src/ai_slam_ai) by extensions ['ros']
[0.244s] Level 1:colcon.colcon_core.package_identification:_identify(ai_slam_ws/src/ai_slam_ai) by extension 'ros'
[0.245s] DEBUG:colcon.colcon_core.package_identification:Package 'ai_slam_ws/src/ai_slam_ai' with type 'ros.ament_python' and name 'ai_slam_ai'
[0.245s] Level 1:colcon.colcon_core.package_identification:_identify(ai_slam_ws/src/ai_slam_bringup) by extensions ['ignore', 'ignore_ament_install']
[0.245s] Level 1:colcon.colcon_core.package_identification:_identify(ai_slam_ws/src/ai_slam_bringup) by extension 'ignore'
[0.245s] Level 1:colcon.colcon_core.package_identification:_identify(ai_slam_ws/src/ai_slam_bringup) by extension 'ignore_ament_install'
[0.245s] Level 1:colcon.colcon_core.package_identification:_identify(ai_slam_ws/src/ai_slam_bringup) by extensions ['colcon_pkg']
[0.245s] Level 1:colcon.colcon_core.package_identification:_identify(ai_slam_ws/src/ai_slam_bringup) by extension 'colcon_pkg'
[0.245s] Level 1:colcon.colcon_core.package_identification:_identify(ai_slam_ws/src/ai_slam_bringup) by extensions ['colcon_meta']
[0.245s] Level 1:colcon.colcon_core.package_identification:_identify(ai_slam_ws/src/ai_slam_bringup) by extension 'colcon_meta'
[0.246s] Level 1:colcon.colcon_core.package_identification:_identify(ai_slam_ws/src/ai_slam_bringup) by extensions ['ros']
[0.246s] Level 1:colcon.colcon_core.package_identification:_identify(ai_slam_ws/src/ai_slam_bringup) by extension 'ros'
[0.246s] DEBUG:colcon.colcon_core.package_identification:Package 'ai_slam_ws/src/ai_slam_bringup' with type 'ros.ament_python' and name 'ai_slam_bringup'
[0.246s] Level 1:colcon.colcon_core.package_identification:_identify(ai_slam_ws/src/ai_slam_description) by extensions ['ignore', 'ignore_ament_install']
[0.246s] Level 1:colcon.colcon_core.package_identification:_identify(ai_slam_ws/src/ai_slam_description) by extension 'ignore'
[0.246s] Level 1:colcon.colcon_core.package_identification:_identify(ai_slam_ws/src/ai_slam_description) by extension 'ignore_ament_install'
[0.246s] Level 1:colcon.colcon_core.package_identification:_identify(ai_slam_ws/src/ai_slam_description) by extensions ['colcon_pkg']
[0.246s] Level 1:colcon.colcon_core.package_identification:_identify(ai_slam_ws/src/ai_slam_description) by extension 'colcon_pkg'
[0.246s] Level 1:colcon.colcon_core.package_identification:_identify(ai_slam_ws/src/ai_slam_description) by extensions ['colcon_meta']
[0.246s] Level 1:colcon.colcon_core.package_identification:_identify(ai_slam_ws/src/ai_slam_description) by extension 'colcon_meta'
[0.246s] Level 1:colcon.colcon_core.package_identification:_identify(ai_slam_ws/src/ai_slam_description) by extensions ['ros']
[0.246s] Level 1:colcon.colcon_core.package_identification:_identify(ai_slam_ws/src/ai_slam_description) by extension 'ros'
[0.246s] DEBUG:colcon.colcon_core.package_identification:Package 'ai_slam_ws/src/ai_slam_description' with type 'ros.ament_python' and name 'ai_slam_description'
[0.246s] Level 1:colcon.colcon_core.package_identification:_identify(ai_slam_ws/src/ai_slam_eval) by extensions ['ignore', 'ignore_ament_install']
[0.246s] Level 1:colcon.colcon_core.package_identification:_identify(ai_slam_ws/src/ai_slam_eval) by extension 'ignore'
[0.246s] Level 1:colcon.colcon_core.package_identification:_identify(ai_slam_ws/src/ai_slam_eval) by extension 'ignore_ament_install'
[0.246s] Level 1:colcon.colcon_core.package_identification:_identify(ai_slam_ws/src/ai_slam_eval) by extensions ['colcon_pkg']
[0.246s] Level 1:colcon.colcon_core.package_identification:_identify(ai_slam_ws/src/ai_slam_eval) by extension 'colcon_pkg'
[0.246s] Level 1:colcon.colcon_core.package_identification:_identify(ai_slam_ws/src/ai_slam_eval) by extensions ['colcon_meta']
[0.246s] Level 1:colcon.colcon_core.package_identification:_identify(ai_slam_ws/src/ai_slam_eval) by extension 'colcon_meta'
[0.246s] Level 1:colcon.colcon_core.package_identification:_identify(ai_slam_ws/src/ai_slam_eval) by extensions ['ros']
[0.246s] Level 1:colcon.colcon_core.package_identification:_identify(ai_slam_ws/src/ai_slam_eval) by extension 'ros'
[0.247s] DEBUG:colcon.colcon_core.package_identification:Package 'ai_slam_ws/src/ai_slam_eval' with type 'ros.ament_python' and name 'ai_slam_eval'
[0.247s] Level 1:colcon.colcon_core.package_identification:_identify(ai_slam_ws/src/ai_slam_gazebo) by extensions ['ignore', 'ignore_ament_install']
[0.247s] Level 1:colcon.colcon_core.package_identification:_identify(ai_slam_ws/src/ai_slam_gazebo) by extension 'ignore'
[0.247s] Level 1:colcon.colcon_core.package_identification:_identify(ai_slam_ws/src/ai_slam_gazebo) by extension 'ignore_ament_install'
[0.247s] Level 1:colcon.colcon_core.package_identification:_identify(ai_slam_ws/src/ai_slam_gazebo) by extensions ['colcon_pkg']
[0.247s] Level 1:colcon.colcon_core.package_identification:_identify(ai_slam_ws/src/ai_slam_gazebo) by extension 'colcon_pkg'
[0.247s] Level 1:colcon.colcon_core.package_identification:_identify(ai_slam_ws/src/ai_slam_gazebo) by extensions ['colcon_meta']
[0.247s] Level 1:colcon.colcon_core.package_identification:_identify(ai_slam_ws/src/ai_slam_gazebo) by extension 'colcon_meta'
[0.247s] Level 1:colcon.colcon_core.package_identification:_identify(ai_slam_ws/src/ai_slam_gazebo) by extensions ['ros']
[0.247s] Level 1:colcon.colcon_core.package_identification:_identify(ai_slam_ws/src/ai_slam_gazebo) by extension 'ros'
[0.247s] DEBUG:colcon.colcon_core.package_identification:Package 'ai_slam_ws/src/ai_slam_gazebo' with type 'ros.ament_python' and name 'ai_slam_gazebo'
[0.247s] Level 1:colcon.colcon_core.package_identification:_identify(build) by extensions ['ignore', 'ignore_ament_install']
[0.247s] Level 1:colcon.colcon_core.package_identification:_identify(build) by extension 'ignore'
[0.247s] Level 1:colcon.colcon_core.package_identification:_identify(build) ignored
[0.247s] Level 1:colcon.colcon_core.package_identification:_identify(install) by extensions ['ignore', 'ignore_ament_install']
[0.247s] Level 1:colcon.colcon_core.package_identification:_identify(install) by extension 'ignore'
[0.247s] Level 1:colcon.colcon_core.package_identification:_identify(install) ignored
[0.247s] Level 1:colcon.colcon_core.package_identification:_identify(log) by extensions ['ignore', 'ignore_ament_install']
[0.247s] Level 1:colcon.colcon_core.package_identification:_identify(log) by extension 'ignore'
[0.247s] Level 1:colcon.colcon_core.package_identification:_identify(log) ignored
[0.247s] Level 1:colcon.colcon_core.package_identification:_identify(niemoje) by extensions ['ignore', 'ignore_ament_install']
[0.247s] Level 1:colcon.colcon_core.package_identification:_identify(niemoje) by extension 'ignore'
[0.247s] Level 1:colcon.colcon_core.package_identification:_identify(niemoje) by extension 'ignore_ament_install'
[0.247s] Level 1:colcon.colcon_core.package_identification:_identify(niemoje) by extensions ['colcon_pkg']
[0.248s] Level 1:colcon.colcon_core.package_identification:_identify(niemoje) by extension 'colcon_pkg'
[0.248s] Level 1:colcon.colcon_core.package_identification:_identify(niemoje) by extensions ['colcon_meta']
[0.248s] Level 1:colcon.colcon_core.package_identification:_identify(niemoje) by extension 'colcon_meta'
[0.248s] Level 1:colcon.colcon_core.package_identification:_identify(niemoje) by extensions ['ros']
[0.248s] Level 1:colcon.colcon_core.package_identification:_identify(niemoje) by extension 'ros'
[0.248s] Level 1:colcon.colcon_core.package_identification:_identify(niemoje) by extensions ['cmake', 'python']
[0.248s] Level 1:colcon.colcon_core.package_identification:_identify(niemoje) by extension 'cmake'
[0.248s] Level 1:colcon.colcon_core.package_identification:_identify(niemoje) by extension 'python'
[0.248s] Level 1:colcon.colcon_core.package_identification:_identify(niemoje) by extensions ['python_setup_py']
[0.248s] Level 1:colcon.colcon_core.package_identification:_identify(niemoje) by extension 'python_setup_py'
[0.248s] Level 1:colcon.colcon_core.package_identification:_identify(out) by extensions ['ignore', 'ignore_ament_install']
[0.248s] Level 1:colcon.colcon_core.package_identification:_identify(out) by extension 'ignore'
[0.248s] Level 1:colcon.colcon_core.package_identification:_identify(out) by extension 'ignore_ament_install'
[0.248s] Level 1:colcon.colcon_core.package_identification:_identify(out) by extensions ['colcon_pkg']
[0.248s] Level 1:colcon.colcon_core.package_identification:_identify(out) by extension 'colcon_pkg'
[0.248s] Level 1:colcon.colcon_core.package_identification:_identify(out) by extensions ['colcon_meta']
[0.248s] Level 1:colcon.colcon_core.package_identification:_identify(out) by extension 'colcon_meta'
[0.248s] Level 1:colcon.colcon_core.package_identification:_identify(out) by extensions ['ros']
[0.248s] Level 1:colcon.colcon_core.package_identification:_identify(out) by extension 'ros'
[0.248s] Level 1:colcon.colcon_core.package_identification:_identify(out) by extensions ['cmake', 'python']
[0.248s] Level 1:colcon.colcon_core.package_identification:_identify(out) by extension 'cmake'
[0.248s] Level 1:colcon.colcon_core.package_identification:_identify(out) by extension 'python'
[0.248s] Level 1:colcon.colcon_core.package_identification:_identify(out) by extensions ['python_setup_py']
[0.248s] Level 1:colcon.colcon_core.package_identification:_identify(out) by extension 'python_setup_py'
[0.248s] Level 1:colcon.colcon_core.package_identification:_identify(out/exp_20260111_143337) by extensions ['ignore', 'ignore_ament_install']
[0.248s] Level 1:colcon.colcon_core.package_identification:_identify(out/exp_20260111_143337) by extension 'ignore'
[0.248s] Level 1:colcon.colcon_core.package_identification:_identify(out/exp_20260111_143337) by extension 'ignore_ament_install'
[0.248s] Level 1:colcon.colcon_core.package_identification:_identify(out/exp_20260111_143337) by extensions ['colcon_pkg']
[0.248s] Level 1:colcon.colcon_core.package_identification:_identify(out/exp_20260111_143337) by extension 'colcon_pkg'
[0.248s] Level 1:colcon.colcon_core.package_identification:_identify(out/exp_20260111_143337) by extensions ['colcon_meta']
[0.248s] Level 1:colcon.colcon_core.package_identification:_identify(out/exp_20260111_143337) by extension 'colcon_meta'
[0.248s] Level 1:colcon.colcon_core.package_identification:_identify(out/exp_20260111_143337) by extensions ['ros']
[0.248s] Level 1:colcon.colcon_core.package_identification:_identify(out/exp_20260111_143337) by extension 'ros'
[0.248s] Level 1:colcon.colcon_core.package_identification:_identify(out/exp_20260111_143337) by extensions ['cmake', 'python']
[0.248s] Level 1:colcon.colcon_core.package_identification:_identify(out/exp_20260111_143337) by extension 'cmake'
[0.248s] Level 1:colcon.colcon_core.package_identification:_identify(out/exp_20260111_143337) by extension 'python'
[0.248s] Level 1:colcon.colcon_core.package_identification:_identify(out/exp_20260111_143337) by extensions ['python_setup_py']
[0.248s] Level 1:colcon.colcon_core.package_identification:_identify(out/exp_20260111_143337) by extension 'python_setup_py'
[0.249s] Level 1:colcon.colcon_core.package_identification:_identify(out/exp_20260111_154027) by extensions ['ignore', 'ignore_ament_install']
[0.249s] Level 1:colcon.colcon_core.package_identification:_identify(out/exp_20260111_154027) by extension 'ignore'
[0.249s] Level 1:colcon.colcon_core.package_identification:_identify(out/exp_20260111_154027) by extension 'ignore_ament_install'
[0.249s] Level 1:colcon.colcon_core.package_identification:_identify(out/exp_20260111_154027) by extensions ['colcon_pkg']
[0.249s] Level 1:colcon.colcon_core.package_identification:_identify(out/exp_20260111_154027) by extension 'colcon_pkg'
[0.249s] Level 1:colcon.colcon_core.package_identification:_identify(out/exp_20260111_154027) by extensions ['colcon_meta']
[0.249s] Level 1:colcon.colcon_core.package_identification:_identify(out/exp_20260111_154027) by extension 'colcon_meta'
[0.249s] Level 1:colcon.colcon_core.package_identification:_identify(out/exp_20260111_154027) by extensions ['ros']
[0.249s] Level 1:colcon.colcon_core.package_identification:_identify(out/exp_20260111_154027) by extension 'ros'
[0.249s] Level 1:colcon.colcon_core.package_identification:_identify(out/exp_20260111_154027) by extensions ['cmake', 'python']
[0.249s] Level 1:colcon.colcon_core.package_identification:_identify(out/exp_20260111_154027) by extension 'cmake'
[0.249s] Level 1:colcon.colcon_core.package_identification:_identify(out/exp_20260111_154027) by extension 'python'
[0.249s] Level 1:colcon.colcon_core.package_identification:_identify(out/exp_20260111_154027) by extensions ['python_setup_py']
[0.249s] Level 1:colcon.colcon_core.package_identification:_identify(out/exp_20260111_154027) by extension 'python_setup_py'
[0.249s] Level 1:colcon.colcon_core.package_identification:_identify(out/exp_20260111_155756) by extensions ['ignore', 'ignore_ament_install']
[0.249s] Level 1:colcon.colcon_core.package_identification:_identify(out/exp_20260111_155756) by extension 'ignore'
[0.249s] Level 1:colcon.colcon_core.package_identification:_identify(out/exp_20260111_155756) by extension 'ignore_ament_install'
[0.249s] Level 1:colcon.colcon_core.package_identification:_identify(out/exp_20260111_155756) by extensions ['colcon_pkg']
[0.249s] Level 1:colcon.colcon_core.package_identification:_identify(out/exp_20260111_155756) by extension 'colcon_pkg'
[0.249s] Level 1:colcon.colcon_core.package_identification:_identify(out/exp_20260111_155756) by extensions ['colcon_meta']
[0.249s] Level 1:colcon.colcon_core.package_identification:_identify(out/exp_20260111_155756) by extension 'colcon_meta'
[0.249s] Level 1:colcon.colcon_core.package_identification:_identify(out/exp_20260111_155756) by extensions ['ros']
[0.249s] Level 1:colcon.colcon_core.package_identification:_identify(out/exp_20260111_155756) by extension 'ros'
[0.249s] Level 1:colcon.colcon_core.package_identification:_identify(out/exp_20260111_155756) by extensions ['cmake', 'python']
[0.249s] Level 1:colcon.colcon_core.package_identification:_identify(out/exp_20260111_155756) by extension 'cmake'
[0.249s] Level 1:colcon.colcon_core.package_identification:_identify(out/exp_20260111_155756) by extension 'python'
[0.249s] Level 1:colcon.colcon_core.package_identification:_identify(out/exp_20260111_155756) by extensions ['python_setup_py']
[0.249s] Level 1:colcon.colcon_core.package_identification:_identify(out/exp_20260111_155756) by extension 'python_setup_py'
[0.249s] Level 1:colcon.colcon_core.package_identification:_identify(out/exp_20260111_160557) by extensions ['ignore', 'ignore_ament_install']
[0.249s] Level 1:colcon.colcon_core.package_identification:_identify(out/exp_20260111_160557) by extension 'ignore'
[0.249s] Level 1:colcon.colcon_core.package_identification:_identify(out/exp_20260111_160557) by extension 'ignore_ament_install'
[0.249s] Level 1:colcon.colcon_core.package_identification:_identify(out/exp_20260111_160557) by extensions ['colcon_pkg']
[0.249s] Level 1:colcon.colcon_core.package_identification:_identify(out/exp_20260111_160557) by extension 'colcon_pkg'
[0.249s] Level 1:colcon.colcon_core.package_identification:_identify(out/exp_20260111_160557) by extensions ['colcon_meta']
[0.249s] Level 1:colcon.colcon_core.package_identification:_identify(out/exp_20260111_160557) by extension 'colcon_meta'
[0.249s] Level 1:colcon.colcon_core.package_identification:_identify(out/exp_20260111_160557) by extensions ['ros']
[0.249s] Level 1:colcon.colcon_core.package_identification:_identify(out/exp_20260111_160557) by extension 'ros'
[0.249s] Level 1:colcon.colcon_core.package_identification:_identify(out/exp_20260111_160557) by extensions ['cmake', 'python']
[0.249s] Level 1:colcon.colcon_core.package_identification:_identify(out/exp_20260111_160557) by extension 'cmake'
[0.249s] Level 1:colcon.colcon_core.package_identification:_identify(out/exp_20260111_160557) by extension 'python'
[0.249s] Level 1:colcon.colcon_core.package_identification:_identify(out/exp_20260111_160557) by extensions ['python_setup_py']
[0.249s] Level 1:colcon.colcon_core.package_identification:_identify(out/exp_20260111_160557) by extension 'python_setup_py'
[0.249s] Level 1:colcon.colcon_core.package_identification:_identify(out/exp_20260111_160734) by extensions ['ignore', 'ignore_ament_install']
[0.249s] Level 1:colcon.colcon_core.package_identification:_identify(out/exp_20260111_160734) by extension 'ignore'
[0.250s] Level 1:colcon.colcon_core.package_identification:_identify(out/exp_20260111_160734) by extension 'ignore_ament_install'
[0.250s] Level 1:colcon.colcon_core.package_identification:_identify(out/exp_20260111_160734) by extensions ['colcon_pkg']
[0.250s] Level 1:colcon.colcon_core.package_identification:_identify(out/exp_20260111_160734) by extension 'colcon_pkg'
[0.250s] Level 1:colcon.colcon_core.package_identification:_identify(out/exp_20260111_160734) by extensions ['colcon_meta']
[0.250s] Level 1:colcon.colcon_core.package_identification:_identify(out/exp_20260111_160734) by extension 'colcon_meta'
[0.250s] Level 1:colcon.colcon_core.package_identification:_identify(out/exp_20260111_160734) by extensions ['ros']
[0.250s] Level 1:colcon.colcon_core.package_identification:_identify(out/exp_20260111_160734) by extension 'ros'
[0.250s] Level 1:colcon.colcon_core.package_identification:_identify(out/exp_20260111_160734) by extensions ['cmake', 'python']
[0.250s] Level 1:colcon.colcon_core.package_identification:_identify(out/exp_20260111_160734) by extension 'cmake'
[0.250s] Level 1:colcon.colcon_core.package_identification:_identify(out/exp_20260111_160734) by extension 'python'
[0.250s] Level 1:colcon.colcon_core.package_identification:_identify(out/exp_20260111_160734) by extensions ['python_setup_py']
[0.250s] Level 1:colcon.colcon_core.package_identification:_identify(out/exp_20260111_160734) by extension 'python_setup_py'
[0.250s] Level 1:colcon.colcon_core.package_identification:_identify(out/exp_20260111_160953) by extensions ['ignore', 'ignore_ament_install']
[0.250s] Level 1:colcon.colcon_core.package_identification:_identify(out/exp_20260111_160953) by extension 'ignore'
[0.250s] Level 1:colcon.colcon_core.package_identification:_identify(out/exp_20260111_160953) by extension 'ignore_ament_install'
[0.250s] Level 1:colcon.colcon_core.package_identification:_identify(out/exp_20260111_160953) by extensions ['colcon_pkg']
[0.250s] Level 1:colcon.colcon_core.package_identification:_identify(out/exp_20260111_160953) by extension 'colcon_pkg'
[0.250s] Level 1:colcon.colcon_core.package_identification:_identify(out/exp_20260111_160953) by extensions ['colcon_meta']
[0.250s] Level 1:colcon.colcon_core.package_identification:_identify(out/exp_20260111_160953) by extension 'colcon_meta'
[0.250s] Level 1:colcon.colcon_core.package_identification:_identify(out/exp_20260111_160953) by extensions ['ros']
[0.250s] Level 1:colcon.colcon_core.package_identification:_identify(out/exp_20260111_160953) by extension 'ros'
[0.250s] Level 1:colcon.colcon_core.package_identification:_identify(out/exp_20260111_160953) by extensions ['cmake', 'python']
[0.250s] Level 1:colcon.colcon_core.package_identification:_identify(out/exp_20260111_160953) by extension 'cmake'
[0.250s] Level 1:colcon.colcon_core.package_identification:_identify(out/exp_20260111_160953) by extension 'python'
[0.250s] Level 1:colcon.colcon_core.package_identification:_identify(out/exp_20260111_160953) by extensions ['python_setup_py']
[0.250s] Level 1:colcon.colcon_core.package_identification:_identify(out/exp_20260111_160953) by extension 'python_setup_py'
[0.250s] Level 1:colcon.colcon_core.package_identification:_identify(out/exp_20260111_161301) by extensions ['ignore', 'ignore_ament_install']
[0.250s] Level 1:colcon.colcon_core.package_identification:_identify(out/exp_20260111_161301) by extension 'ignore'
[0.250s] Level 1:colcon.colcon_core.package_identification:_identify(out/exp_20260111_161301) by extension 'ignore_ament_install'
[0.250s] Level 1:colcon.colcon_core.package_identification:_identify(out/exp_20260111_161301) by extensions ['colcon_pkg']
[0.250s] Level 1:colcon.colcon_core.package_identification:_identify(out/exp_20260111_161301) by extension 'colcon_pkg'
[0.250s] Level 1:colcon.colcon_core.package_identification:_identify(out/exp_20260111_161301) by extensions ['colcon_meta']
[0.250s] Level 1:colcon.colcon_core.package_identification:_identify(out/exp_20260111_161301) by extension 'colcon_meta'
[0.250s] Level 1:colcon.colcon_core.package_identification:_identify(out/exp_20260111_161301) by extensions ['ros']
[0.250s] Level 1:colcon.colcon_core.package_identification:_identify(out/exp_20260111_161301) by extension 'ros'
[0.250s] Level 1:colcon.colcon_core.package_identification:_identify(out/exp_20260111_161301) by extensions ['cmake', 'python']
[0.250s] Level 1:colcon.colcon_core.package_identification:_identify(out/exp_20260111_161301) by extension 'cmake'
[0.250s] Level 1:colcon.colcon_core.package_identification:_identify(out/exp_20260111_161301) by extension 'python'
[0.250s] Level 1:colcon.colcon_core.package_identification:_identify(out/exp_20260111_161301) by extensions ['python_setup_py']
[0.250s] Level 1:colcon.colcon_core.package_identification:_identify(out/exp_20260111_161301) by extension 'python_setup_py'
[0.250s] Level 1:colcon.colcon_core.package_identification:_identify(out/exp_20260111_161920) by extensions ['ignore', 'ignore_ament_install']
[0.250s] Level 1:colcon.colcon_core.package_identification:_identify(out/exp_20260111_161920) by extension 'ignore'
[0.250s] Level 1:colcon.colcon_core.package_identification:_identify(out/exp_20260111_161920) by extension 'ignore_ament_install'
[0.250s] Level 1:colcon.colcon_core.package_identification:_identify(out/exp_20260111_161920) by extensions ['colcon_pkg']
[0.250s] Level 1:colcon.colcon_core.package_identification:_identify(out/exp_20260111_161920) by extension 'colcon_pkg'
[0.250s] Level 1:colcon.colcon_core.package_identification:_identify(out/exp_20260111_161920) by extensions ['colcon_meta']
[0.250s] Level 1:colcon.colcon_core.package_identification:_identify(out/exp_20260111_161920) by extension 'colcon_meta'
[0.250s] Level 1:colcon.colcon_core.package_identification:_identify(out/exp_20260111_161920) by extensions ['ros']
[0.250s] Level 1:colcon.colcon_core.package_identification:_identify(out/exp_20260111_161920) by extension 'ros'
[0.250s] Level 1:colcon.colcon_core.package_identification:_identify(out/exp_20260111_161920) by extensions ['cmake', 'python']
[0.250s] Level 1:colcon.colcon_core.package_identification:_identify(out/exp_20260111_161920) by extension 'cmake'
[0.250s] Level 1:colcon.colcon_core.package_identification:_identify(out/exp_20260111_161920) by extension 'python'
[0.250s] Level 1:colcon.colcon_core.package_identification:_identify(out/exp_20260111_161920) by extensions ['python_setup_py']
[0.250s] Level 1:colcon.colcon_core.package_identification:_identify(out/exp_20260111_161920) by extension 'python_setup_py'
[0.251s] Level 1:colcon.colcon_core.package_identification:_identify(out_example) by extensions ['ignore', 'ignore_ament_install']
[0.251s] Level 1:colcon.colcon_core.package_identification:_identify(out_example) by extension 'ignore'
[0.251s] Level 1:colcon.colcon_core.package_identification:_identify(out_example) by extension 'ignore_ament_install'
[0.251s] Level 1:colcon.colcon_core.package_identification:_identify(out_example) by extensions ['colcon_pkg']
[0.251s] Level 1:colcon.colcon_core.package_identification:_identify(out_example) by extension 'colcon_pkg'
[0.251s] Level 1:colcon.colcon_core.package_identification:_identify(out_example) by extensions ['colcon_meta']
[0.251s] Level 1:colcon.colcon_core.package_identification:_identify(out_example) by extension 'colcon_meta'
[0.251s] Level 1:colcon.colcon_core.package_identification:_identify(out_example) by extensions ['ros']
[0.251s] Level 1:colcon.colcon_core.package_identification:_identify(out_example) by extension 'ros'
[0.251s] Level 1:colcon.colcon_core.package_identification:_identify(out_example) by extensions ['cmake', 'python']
[0.251s] Level 1:colcon.colcon_core.package_identification:_identify(out_example) by extension 'cmake'
[0.251s] Level 1:colcon.colcon_core.package_identification:_identify(out_example) by extension 'python'
[0.251s] Level 1:colcon.colcon_core.package_identification:_identify(out_example) by extensions ['python_setup_py']
[0.251s] Level 1:colcon.colcon_core.package_identification:_identify(out_example) by extension 'python_setup_py'
[0.251s] Level 1:colcon.colcon_core.package_identification:_identify(scripts) by extensions ['ignore', 'ignore_ament_install']
[0.251s] Level 1:colcon.colcon_core.package_identification:_identify(scripts) by extension 'ignore'
[0.251s] Level 1:colcon.colcon_core.package_identification:_identify(scripts) by extension 'ignore_ament_install'
[0.251s] Level 1:colcon.colcon_core.package_identification:_identify(scripts) by extensions ['colcon_pkg']
[0.251s] Level 1:colcon.colcon_core.package_identification:_identify(scripts) by extension 'colcon_pkg'
[0.251s] Level 1:colcon.colcon_core.package_identification:_identify(scripts) by extensions ['colcon_meta']
[0.251s] Level 1:colcon.colcon_core.package_identification:_identify(scripts) by extension 'colcon_meta'
[0.251s] Level 1:colcon.colcon_core.package_identification:_identify(scripts) by extensions ['ros']
[0.251s] Level 1:colcon.colcon_core.package_identification:_identify(scripts) by extension 'ros'
[0.251s] Level 1:colcon.colcon_core.package_identification:_identify(scripts) by extensions ['cmake', 'python']
[0.251s] Level 1:colcon.colcon_core.package_identification:_identify(scripts) by extension 'cmake'
[0.251s] Level 1:colcon.colcon_core.package_identification:_identify(scripts) by extension 'python'
[0.251s] Level 1:colcon.colcon_core.package_identification:_identify(scripts) by extensions ['python_setup_py']
[0.251s] Level 1:colcon.colcon_core.package_identification:_identify(scripts) by extension 'python_setup_py'
[0.251s] Level 1:colcon.colcon_core.package_discovery:discover_packages(recursive) using defaults
[0.251s] Level 1:colcon.colcon_core.package_discovery:discover_packages(ignore) discover
[0.251s] Level 1:colcon.colcon_core.package_discovery:discover_packages(ignore) using defaults
[0.251s] Level 1:colcon.colcon_core.package_discovery:discover_packages(path) discover
[0.251s] Level 1:colcon.colcon_core.package_discovery:discover_packages(path) using defaults
[0.262s] Level 1:colcon.colcon_core.package_discovery:discover_packages(prefix_path) check parameters
[0.262s] Level 1:colcon.colcon_core.package_discovery:discover_packages(prefix_path) discover
[0.262s] DEBUG:colcon.colcon_installed_package_information.package_discovery:Found 5 installed packages in /home/matejko/SLAM_AI/ai_slam_ws/install
[0.263s] DEBUG:colcon.colcon_installed_package_information.package_discovery:Found 388 installed packages in /opt/ros/jazzy
[0.264s] Level 1:colcon.colcon_core.package_discovery:discover_packages(prefix_path) using defaults
[0.287s] Level 5:colcon.colcon_core.verb:set package 'ai_slam_ai' build argument 'cmake_args' from command line to 'None'
[0.287s] Level 5:colcon.colcon_core.verb:set package 'ai_slam_ai' build argument 'cmake_target' from command line to 'None'
[0.287s] Level 5:colcon.colcon_core.verb:set package 'ai_slam_ai' build argument 'cmake_target_skip_unavailable' from command line to 'False'
[0.287s] Level 5:colcon.colcon_core.verb:set package 'ai_slam_ai' build argument 'cmake_clean_cache' from command line to 'False'
[0.287s] Level 5:colcon.colcon_core.verb:set package 'ai_slam_ai' build argument 'cmake_clean_first' from command line to 'False'
[0.287s] Level 5:colcon.colcon_core.verb:set package 'ai_slam_ai' build argument 'cmake_force_configure' from command line to 'False'
[0.287s] Level 5:colcon.colcon_core.verb:set package 'ai_slam_ai' build argument 'ament_cmake_args' from command line to 'None'
[0.287s] Level 5:colcon.colcon_core.verb:set package 'ai_slam_ai' build argument 'catkin_cmake_args' from command line to 'None'
[0.287s] Level 5:colcon.colcon_core.verb:set package 'ai_slam_ai' build argument 'catkin_skip_building_tests' from command line to 'False'
[0.287s] DEBUG:colcon.colcon_core.verb:Building package 'ai_slam_ai' with the following arguments: {'ament_cmake_args': None, 'build_base': '/home/matejko/SLAM_AI/build/ai_slam_ai', 'catkin_cmake_args': None, 'catkin_skip_building_tests': False, 'cmake_args': None, 'cmake_clean_cache': False, 'cmake_clean_first': False, 'cmake_force_configure': False, 'cmake_target': None, 'cmake_target_skip_unavailable': False, 'install_base': '/home/matejko/SLAM_AI/install/ai_slam_ai', 'merge_install': False, 'path': '/home/matejko/SLAM_AI/ai_slam_ws/src/ai_slam_ai', 'symlink_install': True, 'test_result_base': None}
[0.287s] Level 5:colcon.colcon_core.verb:set package 'ai_slam_description' build argument 'cmake_args' from command line to 'None'
[0.287s] Level 5:colcon.colcon_core.verb:set package 'ai_slam_description' build argument 'cmake_target' from command line to 'None'
[0.287s] Level 5:colcon.colcon_core.verb:set package 'ai_slam_description' build argument 'cmake_target_skip_unavailable' from command line to 'False'
[0.287s] Level 5:colcon.colcon_core.verb:set package 'ai_slam_description' build argument 'cmake_clean_cache' from command line to 'False'
[0.287s] Level 5:colcon.colcon_core.verb:set package 'ai_slam_description' build argument 'cmake_clean_first' from command line to 'False'
[0.287s] Level 5:colcon.colcon_core.verb:set package 'ai_slam_description' build argument 'cmake_force_configure' from command line to 'False'
[0.287s] Level 5:colcon.colcon_core.verb:set package 'ai_slam_description' build argument 'ament_cmake_args' from command line to 'None'
[0.287s] Level 5:colcon.colcon_core.verb:set package 'ai_slam_description' build argument 'catkin_cmake_args' from command line to 'None'
[0.287s] Level 5:colcon.colcon_core.verb:set package 'ai_slam_description' build argument 'catkin_skip_building_tests' from command line to 'False'
[0.287s] DEBUG:colcon.colcon_core.verb:Building package 'ai_slam_description' with the following arguments: {'ament_cmake_args': None, 'build_base': '/home/matejko/SLAM_AI/build/ai_slam_description', 'catkin_cmake_args': None, 'catkin_skip_building_tests': False, 'cmake_args': None, 'cmake_clean_cache': False, 'cmake_clean_first': False, 'cmake_force_configure': False, 'cmake_target': None, 'cmake_target_skip_unavailable': False, 'install_base': '/home/matejko/SLAM_AI/install/ai_slam_description', 'merge_install': False, 'path': '/home/matejko/SLAM_AI/ai_slam_ws/src/ai_slam_description', 'symlink_install': True, 'test_result_base': None}
[0.287s] Level 5:colcon.colcon_core.verb:set package 'ai_slam_eval' build argument 'cmake_args' from command line to 'None'
[0.287s] Level 5:colcon.colcon_core.verb:set package 'ai_slam_eval' build argument 'cmake_target' from command line to 'None'
[0.287s] Level 5:colcon.colcon_core.verb:set package 'ai_slam_eval' build argument 'cmake_target_skip_unavailable' from command line to 'False'
[0.287s] Level 5:colcon.colcon_core.verb:set package 'ai_slam_eval' build argument 'cmake_clean_cache' from command line to 'False'
[0.287s] Level 5:colcon.colcon_core.verb:set package 'ai_slam_eval' build argument 'cmake_clean_first' from command line to 'False'
[0.287s] Level 5:colcon.colcon_core.verb:set package 'ai_slam_eval' build argument 'cmake_force_configure' from command line to 'False'
[0.287s] Level 5:colcon.colcon_core.verb:set package 'ai_slam_eval' build argument 'ament_cmake_args' from command line to 'None'
[0.287s] Level 5:colcon.colcon_core.verb:set package 'ai_slam_eval' build argument 'catkin_cmake_args' from command line to 'None'
[0.287s] Level 5:colcon.colcon_core.verb:set package 'ai_slam_eval' build argument 'catkin_skip_building_tests' from command line to 'False'
[0.287s] DEBUG:colcon.colcon_core.verb:Building package 'ai_slam_eval' with the following arguments: {'ament_cmake_args': None, 'build_base': '/home/matejko/SLAM_AI/build/ai_slam_eval', 'catkin_cmake_args': None, 'catkin_skip_building_tests': False, 'cmake_args': None, 'cmake_clean_cache': False, 'cmake_clean_first': False, 'cmake_force_configure': False, 'cmake_target': None, 'cmake_target_skip_unavailable': False, 'install_base': '/home/matejko/SLAM_AI/install/ai_slam_eval', 'merge_install': False, 'path': '/home/matejko/SLAM_AI/ai_slam_ws/src/ai_slam_eval', 'symlink_install': True, 'test_result_base': None}
[0.288s] Level 5:colcon.colcon_core.verb:set package 'ai_slam_gazebo' build argument 'cmake_args' from command line to 'None'
[0.288s] Level 5:colcon.colcon_core.verb:set package 'ai_slam_gazebo' build argument 'cmake_target' from command line to 'None'
[0.288s] Level 5:colcon.colcon_core.verb:set package 'ai_slam_gazebo' build argument 'cmake_target_skip_unavailable' from command line to 'False'
[0.288s] Level 5:colcon.colcon_core.verb:set package 'ai_slam_gazebo' build argument 'cmake_clean_cache' from command line to 'False'
[0.288s] Level 5:colcon.colcon_core.verb:set package 'ai_slam_gazebo' build argument 'cmake_clean_first' from command line to 'False'
[0.288s] Level 5:colcon.colcon_core.verb:set package 'ai_slam_gazebo' build argument 'cmake_force_configure' from command line to 'False'
[0.288s] Level 5:colcon.colcon_core.verb:set package 'ai_slam_gazebo' build argument 'ament_cmake_args' from command line to 'None'
[0.288s] Level 5:colcon.colcon_core.verb:set package 'ai_slam_gazebo' build argument 'catkin_cmake_args' from command line to 'None'
[0.288s] Level 5:colcon.colcon_core.verb:set package 'ai_slam_gazebo' build argument 'catkin_skip_building_tests' from command line to 'False'
[0.288s] DEBUG:colcon.colcon_core.verb:Building package 'ai_slam_gazebo' with the following arguments: {'ament_cmake_args': None, 'build_base': '/home/matejko/SLAM_AI/build/ai_slam_gazebo', 'catkin_cmake_args': None, 'catkin_skip_building_tests': False, 'cmake_args': None, 'cmake_clean_cache': False, 'cmake_clean_first': False, 'cmake_force_configure': False, 'cmake_target': None, 'cmake_target_skip_unavailable': False, 'install_base': '/home/matejko/SLAM_AI/install/ai_slam_gazebo', 'merge_install': False, 'path': '/home/matejko/SLAM_AI/ai_slam_ws/src/ai_slam_gazebo', 'symlink_install': True, 'test_result_base': None}
[0.288s] Level 5:colcon.colcon_core.verb:set package 'ai_slam_bringup' build argument 'cmake_args' from command line to 'None'
[0.288s] Level 5:colcon.colcon_core.verb:set package 'ai_slam_bringup' build argument 'cmake_target' from command line to 'None'
[0.288s] Level 5:colcon.colcon_core.verb:set package 'ai_slam_bringup' build argument 'cmake_target_skip_unavailable' from command line to 'False'
[0.288s] Level 5:colcon.colcon_core.verb:set package 'ai_slam_bringup' build argument 'cmake_clean_cache' from command line to 'False'
[0.288s] Level 5:colcon.colcon_core.verb:set package 'ai_slam_bringup' build argument 'cmake_clean_first' from command line to 'False'
[0.288s] Level 5:colcon.colcon_core.verb:set package 'ai_slam_bringup' build argument 'cmake_force_configure' from command line to 'False'
[0.288s] Level 5:colcon.colcon_core.verb:set package 'ai_slam_bringup' build argument 'ament_cmake_args' from command line to 'None'
[0.288s] Level 5:colcon.colcon_core.verb:set package 'ai_slam_bringup' build argument 'catkin_cmake_args' from command line to 'None'
[0.288s] Level 5:colcon.colcon_core.verb:set package 'ai_slam_bringup' build argument 'catkin_skip_building_tests' from command line to 'False'
[0.288s] DEBUG:colcon.colcon_core.verb:Building package 'ai_slam_bringup' with the following arguments: {'ament_cmake_args': None, 'build_base': '/home/matejko/SLAM_AI/build/ai_slam_bringup', 'catkin_cmake_args': None, 'catkin_skip_building_tests': False, 'cmake_args': None, 'cmake_clean_cache': False, 'cmake_clean_first': False, 'cmake_force_configure': False, 'cmake_target': None, 'cmake_target_skip_unavailable': False, 'install_base': '/home/matejko/SLAM_AI/install/ai_slam_bringup', 'merge_install': False, 'path': '/home/matejko/SLAM_AI/ai_slam_ws/src/ai_slam_bringup', 'symlink_install': True, 'test_result_base': None}
[0.288s] INFO:colcon.colcon_core.executor:Executing jobs using 'parallel' executor
[0.289s] DEBUG:colcon.colcon_parallel_executor.executor.parallel:run_until_complete
[0.289s] INFO:colcon.colcon_ros.task.ament_python.build:Building ROS package in '/home/matejko/SLAM_AI/ai_slam_ws/src/ai_slam_ai' with build type 'ament_python'
[0.289s] Level 1:colcon.colcon_core.shell:create_environment_hook('ai_slam_ai', 'ament_prefix_path')
[0.290s] INFO:colcon.colcon_core.plugin_system:Skipping extension 'colcon_core.shell.bat': Not used on non-Windows systems
[0.290s] INFO:colcon.colcon_core.shell:Creating environment hook '/home/matejko/SLAM_AI/install/ai_slam_ai/share/ai_slam_ai/hook/ament_prefix_path.ps1'
[0.291s] INFO:colcon.colcon_core.shell:Creating environment descriptor '/home/matejko/SLAM_AI/install/ai_slam_ai/share/ai_slam_ai/hook/ament_prefix_path.dsv'
[0.291s] INFO:colcon.colcon_core.shell:Creating environment hook '/home/matejko/SLAM_AI/install/ai_slam_ai/share/ai_slam_ai/hook/ament_prefix_path.sh'
[0.291s] INFO:colcon.colcon_core.shell:Skip shell extension 'powershell' for command environment: Not usable outside of PowerShell
[0.291s] DEBUG:colcon.colcon_core.shell:Skip shell extension 'dsv' for command environment
[0.293s] INFO:colcon.colcon_ros.task.ament_python.build:Building ROS package in '/home/matejko/SLAM_AI/ai_slam_ws/src/ai_slam_description' with build type 'ament_python'
[0.293s] Level 1:colcon.colcon_core.shell:create_environment_hook('ai_slam_description', 'ament_prefix_path')
[0.293s] INFO:colcon.colcon_core.shell:Creating environment hook '/home/matejko/SLAM_AI/install/ai_slam_description/share/ai_slam_description/hook/ament_prefix_path.ps1'
[0.294s] INFO:colcon.colcon_core.shell:Creating environment descriptor '/home/matejko/SLAM_AI/install/ai_slam_description/share/ai_slam_description/hook/ament_prefix_path.dsv'
[0.294s] INFO:colcon.colcon_core.shell:Creating environment hook '/home/matejko/SLAM_AI/install/ai_slam_description/share/ai_slam_description/hook/ament_prefix_path.sh'
[0.294s] INFO:colcon.colcon_core.shell:Skip shell extension 'powershell' for command environment: Not usable outside of PowerShell
[0.294s] DEBUG:colcon.colcon_core.shell:Skip shell extension 'dsv' for command environment
[0.296s] INFO:colcon.colcon_ros.task.ament_python.build:Building ROS package in '/home/matejko/SLAM_AI/ai_slam_ws/src/ai_slam_eval' with build type 'ament_python'
[0.296s] Level 1:colcon.colcon_core.shell:create_environment_hook('ai_slam_eval', 'ament_prefix_path')
[0.297s] INFO:colcon.colcon_core.shell:Creating environment hook '/home/matejko/SLAM_AI/install/ai_slam_eval/share/ai_slam_eval/hook/ament_prefix_path.ps1'
[0.297s] INFO:colcon.colcon_core.shell:Creating environment descriptor '/home/matejko/SLAM_AI/install/ai_slam_eval/share/ai_slam_eval/hook/ament_prefix_path.dsv'
[0.297s] INFO:colcon.colcon_core.shell:Creating environment hook '/home/matejko/SLAM_AI/install/ai_slam_eval/share/ai_slam_eval/hook/ament_prefix_path.sh'
[0.298s] INFO:colcon.colcon_core.shell:Skip shell extension 'powershell' for command environment: Not usable outside of PowerShell
[0.298s] DEBUG:colcon.colcon_core.shell:Skip shell extension 'dsv' for command environment
[0.299s] INFO:colcon.colcon_ros.task.ament_python.build:Building ROS package in '/home/matejko/SLAM_AI/ai_slam_ws/src/ai_slam_gazebo' with build type 'ament_python'
[0.299s] Level 1:colcon.colcon_core.shell:create_environment_hook('ai_slam_gazebo', 'ament_prefix_path')
[0.300s] INFO:colcon.colcon_core.shell:Creating environment hook '/home/matejko/SLAM_AI/install/ai_slam_gazebo/share/ai_slam_gazebo/hook/ament_prefix_path.ps1'
[0.300s] INFO:colcon.colcon_core.shell:Creating environment descriptor '/home/matejko/SLAM_AI/install/ai_slam_gazebo/share/ai_slam_gazebo/hook/ament_prefix_path.dsv'
[0.300s] INFO:colcon.colcon_core.shell:Creating environment hook '/home/matejko/SLAM_AI/install/ai_slam_gazebo/share/ai_slam_gazebo/hook/ament_prefix_path.sh'
[0.301s] INFO:colcon.colcon_core.shell:Skip shell extension 'powershell' for command environment: Not usable outside of PowerShell
[0.301s] DEBUG:colcon.colcon_core.shell:Skip shell extension 'dsv' for command environment
[0.429s] INFO:colcon.colcon_core.task.python.build:Building Python package in '/home/matejko/SLAM_AI/ai_slam_ws/src/ai_slam_ai'
[0.429s] INFO:colcon.colcon_core.shell:Skip shell extension 'powershell' for command environment: Not usable outside of PowerShell
[0.429s] DEBUG:colcon.colcon_core.shell:Skip shell extension 'dsv' for command environment
[0.561s] INFO:colcon.colcon_core.task.python.build:Building Python package in '/home/matejko/SLAM_AI/ai_slam_ws/src/ai_slam_description'
[0.561s] INFO:colcon.colcon_core.shell:Skip shell extension 'powershell' for command environment: Not usable outside of PowerShell
[0.561s] DEBUG:colcon.colcon_core.shell:Skip shell extension 'dsv' for command environment
[0.695s] INFO:colcon.colcon_core.task.python.build:Building Python package in '/home/matejko/SLAM_AI/ai_slam_ws/src/ai_slam_eval'
[0.695s] INFO:colcon.colcon_core.shell:Skip shell extension 'powershell' for command environment: Not usable outside of PowerShell
[0.695s] DEBUG:colcon.colcon_core.shell:Skip shell extension 'dsv' for command environment
[0.822s] INFO:colcon.colcon_core.task.python.build:Building Python package in '/home/matejko/SLAM_AI/ai_slam_ws/src/ai_slam_gazebo'
[0.822s] INFO:colcon.colcon_core.shell:Skip shell extension 'powershell' for command environment: Not usable outside of PowerShell
[0.822s] DEBUG:colcon.colcon_core.shell:Skip shell extension 'dsv' for command environment
[1.192s] DEBUG:colcon.colcon_core.event_handler.log_command:Invoking command in '/home/matejko/SLAM_AI/build/ai_slam_ai': PS1=(.venv) \[\e]0;\u@\h: \w\a\]${debian_chroot:+($debian_chroot)}\[\033[01;32m\]\u@\h\[\033[00m\]:\[\033[01;34m\]\w\[\033[00m\]\$ PYTHONPATH=/home/matejko/SLAM_AI/build/ai_slam_ai/prefix_override:/usr/lib/python3/dist-packages/colcon_core/task/python/colcon_distutils_commands:/home/matejko/SLAM_AI/install/ai_slam_ai/lib/python3.12/site-packages:${PYTHONPATH} VIRTUAL_ENV_PROMPT=(.venv) /usr/bin/python3 -W ignore:setup.py install is deprecated -W ignore:easy_install command is deprecated setup.py develop --editable --build-directory /home/matejko/SLAM_AI/build/ai_slam_ai/build --no-deps symlink_data
[1.195s] DEBUG:colcon.colcon_core.event_handler.log_command:Invoking command in '/home/matejko/SLAM_AI/build/ai_slam_description': PS1=(.venv) \[\e]0;\u@\h: \w\a\]${debian_chroot:+($debian_chroot)}\[\033[01;32m\]\u@\h\[\033[00m\]:\[\033[01;34m\]\w\[\033[00m\]\$ PYTHONPATH=/home/matejko/SLAM_AI/build/ai_slam_description/prefix_override:/usr/lib/python3/dist-packages/colcon_core/task/python/colcon_distutils_commands:/home/matejko/SLAM_AI/install/ai_slam_description/lib/python3.12/site-packages:${PYTHONPATH} VIRTUAL_ENV_PROMPT=(.venv) /usr/bin/python3 -W ignore:setup.py install is deprecated -W ignore:easy_install command is deprecated setup.py develop --editable --build-directory /home/matejko/SLAM_AI/build/ai_slam_description/build --no-deps symlink_data
[1.206s] DEBUG:colcon.colcon_core.event_handler.log_command:Invoking command in '/home/matejko/SLAM_AI/build/ai_slam_gazebo': PS1=(.venv) \[\e]0;\u@\h: \w\a\]${debian_chroot:+($debian_chroot)}\[\033[01;32m\]\u@\h\[\033[00m\]:\[\033[01;34m\]\w\[\033[00m\]\$ PYTHONPATH=/home/matejko/SLAM_AI/build/ai_slam_gazebo/prefix_override:/usr/lib/python3/dist-packages/colcon_core/task/python/colcon_distutils_commands:/home/matejko/SLAM_AI/install/ai_slam_gazebo/lib/python3.12/site-packages:${PYTHONPATH} VIRTUAL_ENV_PROMPT=(.venv) /usr/bin/python3 -W ignore:setup.py install is deprecated -W ignore:easy_install command is deprecated setup.py develop --editable --build-directory /home/matejko/SLAM_AI/build/ai_slam_gazebo/build --no-deps symlink_data
[1.208s] DEBUG:colcon.colcon_core.event_handler.log_command:Invoking command in '/home/matejko/SLAM_AI/build/ai_slam_eval': PS1=(.venv) \[\e]0;\u@\h: \w\a\]${debian_chroot:+($debian_chroot)}\[\033[01;32m\]\u@\h\[\033[00m\]:\[\033[01;34m\]\w\[\033[00m\]\$ PYTHONPATH=/home/matejko/SLAM_AI/build/ai_slam_eval/prefix_override:/usr/lib/python3/dist-packages/colcon_core/task/python/colcon_distutils_commands:/home/matejko/SLAM_AI/install/ai_slam_eval/lib/python3.12/site-packages:${PYTHONPATH} VIRTUAL_ENV_PROMPT=(.venv) /usr/bin/python3 -W ignore:setup.py install is deprecated -W ignore:easy_install command is deprecated setup.py develop --editable --build-directory /home/matejko/SLAM_AI/build/ai_slam_eval/build --no-deps symlink_data
[1.605s] Level 1:colcon.colcon_core.shell:create_environment_hook('ai_slam_ai', 'pythonpath_develop')
[1.605s] DEBUG:colcon.colcon_core.event_handler.log_command:Invoked command in '/home/matejko/SLAM_AI/build/ai_slam_ai' returned '0': PS1=(.venv) \[\e]0;\u@\h: \w\a\]${debian_chroot:+($debian_chroot)}\[\033[01;32m\]\u@\h\[\033[00m\]:\[\033[01;34m\]\w\[\033[00m\]\$ PYTHONPATH=/home/matejko/SLAM_AI/build/ai_slam_ai/prefix_override:/usr/lib/python3/dist-packages/colcon_core/task/python/colcon_distutils_commands:/home/matejko/SLAM_AI/install/ai_slam_ai/lib/python3.12/site-packages:${PYTHONPATH} VIRTUAL_ENV_PROMPT=(.venv) /usr/bin/python3 -W ignore:setup.py install is deprecated -W ignore:easy_install command is deprecated setup.py develop --editable --build-directory /home/matejko/SLAM_AI/build/ai_slam_ai/build --no-deps symlink_data
[1.606s] INFO:colcon.colcon_core.shell:Creating environment hook '/home/matejko/SLAM_AI/build/ai_slam_ai/share/ai_slam_ai/hook/pythonpath_develop.ps1'
[1.606s] INFO:colcon.colcon_core.shell:Creating environment descriptor '/home/matejko/SLAM_AI/build/ai_slam_ai/share/ai_slam_ai/hook/pythonpath_develop.dsv'
[1.606s] INFO:colcon.colcon_core.shell:Creating environment hook '/home/matejko/SLAM_AI/build/ai_slam_ai/share/ai_slam_ai/hook/pythonpath_develop.sh'
[1.608s] Level 1:colcon.colcon_core.environment:checking '/home/matejko/SLAM_AI/install/ai_slam_ai' for CMake module files
[1.608s] Level 1:colcon.colcon_core.environment:checking '/home/matejko/SLAM_AI/install/ai_slam_ai' for CMake config files
[1.608s] Level 1:colcon.colcon_core.environment:checking '/home/matejko/SLAM_AI/install/ai_slam_ai/lib'
[1.608s] Level 1:colcon.colcon_core.environment:checking '/home/matejko/SLAM_AI/install/ai_slam_ai/bin'
[1.608s] Level 1:colcon.colcon_core.environment:checking '/home/matejko/SLAM_AI/install/ai_slam_ai/lib/pkgconfig/ai_slam_ai.pc'
[1.609s] Level 1:colcon.colcon_core.environment:checking '/home/matejko/SLAM_AI/install/ai_slam_ai/lib/python3.12/site-packages'
[1.609s] Level 1:colcon.colcon_core.shell:create_environment_hook('ai_slam_ai', 'pythonpath')
[1.609s] INFO:colcon.colcon_core.shell:Creating environment hook '/home/matejko/SLAM_AI/install/ai_slam_ai/share/ai_slam_ai/hook/pythonpath.ps1'
[1.609s] INFO:colcon.colcon_core.shell:Creating environment descriptor '/home/matejko/SLAM_AI/install/ai_slam_ai/share/ai_slam_ai/hook/pythonpath.dsv'
[1.609s] INFO:colcon.colcon_core.shell:Creating environment hook '/home/matejko/SLAM_AI/install/ai_slam_ai/share/ai_slam_ai/hook/pythonpath.sh'
[1.609s] Level 1:colcon.colcon_core.environment:checking '/home/matejko/SLAM_AI/install/ai_slam_ai/bin'
[1.609s] Level 1:colcon.colcon_core.environment:create_environment_scripts_only(ai_slam_ai)
[1.610s] INFO:colcon.colcon_core.shell:Creating package script '/home/matejko/SLAM_AI/install/ai_slam_ai/share/ai_slam_ai/package.ps1'
[1.610s] INFO:colcon.colcon_core.shell:Creating package descriptor '/home/matejko/SLAM_AI/install/ai_slam_ai/share/ai_slam_ai/package.dsv'
[1.610s] INFO:colcon.colcon_core.shell:Creating package script '/home/matejko/SLAM_AI/install/ai_slam_ai/share/ai_slam_ai/package.sh'
[1.610s] INFO:colcon.colcon_core.shell:Creating package script '/home/matejko/SLAM_AI/install/ai_slam_ai/share/ai_slam_ai/package.bash'
[1.611s] INFO:colcon.colcon_core.shell:Creating package script '/home/matejko/SLAM_AI/install/ai_slam_ai/share/ai_slam_ai/package.zsh'
[1.611s] Level 1:colcon.colcon_core.environment:create_file_with_runtime_dependencies(/home/matejko/SLAM_AI/install/ai_slam_ai/share/colcon-core/packages/ai_slam_ai)
[1.612s] Level 1:colcon.colcon_core.shell:create_environment_hook('ai_slam_gazebo', 'pythonpath_develop')
[1.612s] INFO:colcon.colcon_core.shell:Creating environment hook '/home/matejko/SLAM_AI/build/ai_slam_gazebo/share/ai_slam_gazebo/hook/pythonpath_develop.ps1'
[1.612s] DEBUG:colcon.colcon_core.event_handler.log_command:Invoked command in '/home/matejko/SLAM_AI/build/ai_slam_gazebo' returned '0': PS1=(.venv) \[\e]0;\u@\h: \w\a\]${debian_chroot:+($debian_chroot)}\[\033[01;32m\]\u@\h\[\033[00m\]:\[\033[01;34m\]\w\[\033[00m\]\$ PYTHONPATH=/home/matejko/SLAM_AI/build/ai_slam_gazebo/prefix_override:/usr/lib/python3/dist-packages/colcon_core/task/python/colcon_distutils_commands:/home/matejko/SLAM_AI/install/ai_slam_gazebo/lib/python3.12/site-packages:${PYTHONPATH} VIRTUAL_ENV_PROMPT=(.venv) /usr/bin/python3 -W ignore:setup.py install is deprecated -W ignore:easy_install command is deprecated setup.py develop --editable --build-directory /home/matejko/SLAM_AI/build/ai_slam_gazebo/build --no-deps symlink_data
[1.613s] INFO:colcon.colcon_core.shell:Creating environment descriptor '/home/matejko/SLAM_AI/build/ai_slam_gazebo/share/ai_slam_gazebo/hook/pythonpath_develop.dsv'
[1.613s] INFO:colcon.colcon_core.shell:Creating environment hook '/home/matejko/SLAM_AI/build/ai_slam_gazebo/share/ai_slam_gazebo/hook/pythonpath_develop.sh'
[1.613s] Level 1:colcon.colcon_core.environment:checking '/home/matejko/SLAM_AI/install/ai_slam_gazebo' for CMake module files
[1.613s] Level 1:colcon.colcon_core.environment:checking '/home/matejko/SLAM_AI/install/ai_slam_gazebo' for CMake config files
[1.614s] Level 1:colcon.colcon_core.environment:checking '/home/matejko/SLAM_AI/install/ai_slam_gazebo/lib'
[1.614s] Level 1:colcon.colcon_core.environment:checking '/home/matejko/SLAM_AI/install/ai_slam_gazebo/bin'
[1.614s] Level 1:colcon.colcon_core.environment:checking '/home/matejko/SLAM_AI/install/ai_slam_gazebo/lib/pkgconfig/ai_slam_gazebo.pc'
[1.614s] Level 1:colcon.colcon_core.environment:checking '/home/matejko/SLAM_AI/install/ai_slam_gazebo/lib/python3.12/site-packages'
[1.614s] Level 1:colcon.colcon_core.shell:create_environment_hook('ai_slam_gazebo', 'pythonpath')
[1.614s] INFO:colcon.colcon_core.shell:Creating environment hook '/home/matejko/SLAM_AI/install/ai_slam_gazebo/share/ai_slam_gazebo/hook/pythonpath.ps1'
[1.615s] INFO:colcon.colcon_core.shell:Creating environment descriptor '/home/matejko/SLAM_AI/install/ai_slam_gazebo/share/ai_slam_gazebo/hook/pythonpath.dsv'
[1.615s] INFO:colcon.colcon_core.shell:Creating environment hook '/home/matejko/SLAM_AI/install/ai_slam_gazebo/share/ai_slam_gazebo/hook/pythonpath.sh'
[1.615s] Level 1:colcon.colcon_core.environment:checking '/home/matejko/SLAM_AI/install/ai_slam_gazebo/bin'
[1.615s] Level 1:colcon.colcon_core.environment:create_environment_scripts_only(ai_slam_gazebo)
[1.616s] INFO:colcon.colcon_core.shell:Creating package script '/home/matejko/SLAM_AI/install/ai_slam_gazebo/share/ai_slam_gazebo/package.ps1'
[1.616s] INFO:colcon.colcon_core.shell:Creating package descriptor '/home/matejko/SLAM_AI/install/ai_slam_gazebo/share/ai_slam_gazebo/package.dsv'
[1.616s] INFO:colcon.colcon_core.shell:Creating package script '/home/matejko/SLAM_AI/install/ai_slam_gazebo/share/ai_slam_gazebo/package.sh'
[1.616s] INFO:colcon.colcon_core.shell:Creating package script '/home/matejko/SLAM_AI/install/ai_slam_gazebo/share/ai_slam_gazebo/package.bash'
[1.617s] INFO:colcon.colcon_core.shell:Creating package script '/home/matejko/SLAM_AI/install/ai_slam_gazebo/share/ai_slam_gazebo/package.zsh'
[1.617s] Level 1:colcon.colcon_core.environment:create_file_with_runtime_dependencies(/home/matejko/SLAM_AI/install/ai_slam_gazebo/share/colcon-core/packages/ai_slam_gazebo)
[1.624s] Level 1:colcon.colcon_core.shell:create_environment_hook('ai_slam_description', 'pythonpath_develop')
[1.625s] DEBUG:colcon.colcon_core.event_handler.log_command:Invoked command in '/home/matejko/SLAM_AI/build/ai_slam_description' returned '0': PS1=(.venv) \[\e]0;\u@\h: \w\a\]${debian_chroot:+($debian_chroot)}\[\033[01;32m\]\u@\h\[\033[00m\]:\[\033[01;34m\]\w\[\033[00m\]\$ PYTHONPATH=/home/matejko/SLAM_AI/build/ai_slam_description/prefix_override:/usr/lib/python3/dist-packages/colcon_core/task/python/colcon_distutils_commands:/home/matejko/SLAM_AI/install/ai_slam_description/lib/python3.12/site-packages:${PYTHONPATH} VIRTUAL_ENV_PROMPT=(.venv) /usr/bin/python3 -W ignore:setup.py install is deprecated -W ignore:easy_install command is deprecated setup.py develop --editable --build-directory /home/matejko/SLAM_AI/build/ai_slam_description/build --no-deps symlink_data
[1.625s] INFO:colcon.colcon_core.shell:Creating environment hook '/home/matejko/SLAM_AI/build/ai_slam_description/share/ai_slam_description/hook/pythonpath_develop.ps1'
[1.625s] INFO:colcon.colcon_core.shell:Creating environment descriptor '/home/matejko/SLAM_AI/build/ai_slam_description/share/ai_slam_description/hook/pythonpath_develop.dsv'
[1.626s] INFO:colcon.colcon_core.shell:Creating environment hook '/home/matejko/SLAM_AI/build/ai_slam_description/share/ai_slam_description/hook/pythonpath_develop.sh'
[1.626s] Level 1:colcon.colcon_core.environment:checking '/home/matejko/SLAM_AI/install/ai_slam_description' for CMake module files
[1.626s] Level 1:colcon.colcon_core.environment:checking '/home/matejko/SLAM_AI/install/ai_slam_description' for CMake config files
[1.626s] Level 1:colcon.colcon_core.environment:checking '/home/matejko/SLAM_AI/install/ai_slam_description/lib'
[1.626s] Level 1:colcon.colcon_core.environment:checking '/home/matejko/SLAM_AI/install/ai_slam_description/bin'
[1.626s] Level 1:colcon.colcon_core.environment:checking '/home/matejko/SLAM_AI/install/ai_slam_description/lib/pkgconfig/ai_slam_description.pc'
[1.626s] Level 1:colcon.colcon_core.environment:checking '/home/matejko/SLAM_AI/install/ai_slam_description/lib/python3.12/site-packages'
[1.626s] Level 1:colcon.colcon_core.shell:create_environment_hook('ai_slam_description', 'pythonpath')
[1.626s] INFO:colcon.colcon_core.shell:Creating environment hook '/home/matejko/SLAM_AI/install/ai_slam_description/share/ai_slam_description/hook/pythonpath.ps1'
[1.627s] INFO:colcon.colcon_core.shell:Creating environment descriptor '/home/matejko/SLAM_AI/install/ai_slam_description/share/ai_slam_description/hook/pythonpath.dsv'
[1.627s] INFO:colcon.colcon_core.shell:Creating environment hook '/home/matejko/SLAM_AI/install/ai_slam_description/share/ai_slam_description/hook/pythonpath.sh'
[1.627s] Level 1:colcon.colcon_core.environment:checking '/home/matejko/SLAM_AI/install/ai_slam_description/bin'
[1.627s] Level 1:colcon.colcon_core.environment:create_environment_scripts_only(ai_slam_description)
[1.627s] INFO:colcon.colcon_core.shell:Creating package script '/home/matejko/SLAM_AI/install/ai_slam_description/share/ai_slam_description/package.ps1'
[1.628s] INFO:colcon.colcon_core.shell:Creating package descriptor '/home/matejko/SLAM_AI/install/ai_slam_description/share/ai_slam_description/package.dsv'
[1.628s] INFO:colcon.colcon_core.shell:Creating package script '/home/matejko/SLAM_AI/install/ai_slam_description/share/ai_slam_description/package.sh'
[1.628s] INFO:colcon.colcon_core.shell:Creating package script '/home/matejko/SLAM_AI/install/ai_slam_description/share/ai_slam_description/package.bash'
[1.628s] INFO:colcon.colcon_core.shell:Creating package script '/home/matejko/SLAM_AI/install/ai_slam_description/share/ai_slam_description/package.zsh'
[1.628s] Level 1:colcon.colcon_core.environment:create_file_with_runtime_dependencies(/home/matejko/SLAM_AI/install/ai_slam_description/share/colcon-core/packages/ai_slam_description)
[1.629s] Level 1:colcon.colcon_core.shell:create_environment_hook('ai_slam_eval', 'pythonpath_develop')
[1.630s] INFO:colcon.colcon_core.shell:Creating environment hook '/home/matejko/SLAM_AI/build/ai_slam_eval/share/ai_slam_eval/hook/pythonpath_develop.ps1'
[1.630s] DEBUG:colcon.colcon_core.event_handler.log_command:Invoked command in '/home/matejko/SLAM_AI/build/ai_slam_eval' returned '0': PS1=(.venv) \[\e]0;\u@\h: \w\a\]${debian_chroot:+($debian_chroot)}\[\033[01;32m\]\u@\h\[\033[00m\]:\[\033[01;34m\]\w\[\033[00m\]\$ PYTHONPATH=/home/matejko/SLAM_AI/build/ai_slam_eval/prefix_override:/usr/lib/python3/dist-packages/colcon_core/task/python/colcon_distutils_commands:/home/matejko/SLAM_AI/install/ai_slam_eval/lib/python3.12/site-packages:${PYTHONPATH} VIRTUAL_ENV_PROMPT=(.venv) /usr/bin/python3 -W ignore:setup.py install is deprecated -W ignore:easy_install command is deprecated setup.py develop --editable --build-directory /home/matejko/SLAM_AI/build/ai_slam_eval/build --no-deps symlink_data
[1.630s] INFO:colcon.colcon_core.shell:Creating environment descriptor '/home/matejko/SLAM_AI/build/ai_slam_eval/share/ai_slam_eval/hook/pythonpath_develop.dsv'
[1.631s] INFO:colcon.colcon_core.shell:Creating environment hook '/home/matejko/SLAM_AI/build/ai_slam_eval/share/ai_slam_eval/hook/pythonpath_develop.sh'
[1.631s] Level 1:colcon.colcon_core.environment:checking '/home/matejko/SLAM_AI/install/ai_slam_eval' for CMake module files
[1.631s] Level 1:colcon.colcon_core.environment:checking '/home/matejko/SLAM_AI/install/ai_slam_eval' for CMake config files
[1.631s] Level 1:colcon.colcon_core.environment:checking '/home/matejko/SLAM_AI/install/ai_slam_eval/lib'
[1.631s] Level 1:colcon.colcon_core.environment:checking '/home/matejko/SLAM_AI/install/ai_slam_eval/bin'
[1.631s] Level 1:colcon.colcon_core.environment:checking '/home/matejko/SLAM_AI/install/ai_slam_eval/lib/pkgconfig/ai_slam_eval.pc'
[1.631s] Level 1:colcon.colcon_core.environment:checking '/home/matejko/SLAM_AI/install/ai_slam_eval/lib/python3.12/site-packages'
[1.631s] Level 1:colcon.colcon_core.shell:create_environment_hook('ai_slam_eval', 'pythonpath')
[1.632s] INFO:colcon.colcon_core.shell:Creating environment hook '/home/matejko/SLAM_AI/install/ai_slam_eval/share/ai_slam_eval/hook/pythonpath.ps1'
[1.632s] INFO:colcon.colcon_core.shell:Creating environment descriptor '/home/matejko/SLAM_AI/install/ai_slam_eval/share/ai_slam_eval/hook/pythonpath.dsv'
[1.632s] INFO:colcon.colcon_core.shell:Creating environment hook '/home/matejko/SLAM_AI/install/ai_slam_eval/share/ai_slam_eval/hook/pythonpath.sh'
[1.633s] Level 1:colcon.colcon_core.environment:checking '/home/matejko/SLAM_AI/install/ai_slam_eval/bin'
[1.633s] Level 1:colcon.colcon_core.environment:create_environment_scripts_only(ai_slam_eval)
[1.633s] INFO:colcon.colcon_core.shell:Creating package script '/home/matejko/SLAM_AI/install/ai_slam_eval/share/ai_slam_eval/package.ps1'
[1.633s] INFO:colcon.colcon_core.shell:Creating package descriptor '/home/matejko/SLAM_AI/install/ai_slam_eval/share/ai_slam_eval/package.dsv'
[1.633s] INFO:colcon.colcon_core.shell:Creating package script '/home/matejko/SLAM_AI/install/ai_slam_eval/share/ai_slam_eval/package.sh'
[1.633s] INFO:colcon.colcon_core.shell:Creating package script '/home/matejko/SLAM_AI/install/ai_slam_eval/share/ai_slam_eval/package.bash'
[1.633s] INFO:colcon.colcon_core.shell:Creating package script '/home/matejko/SLAM_AI/install/ai_slam_eval/share/ai_slam_eval/package.zsh'
[1.634s] Level 1:colcon.colcon_core.environment:create_file_with_runtime_dependencies(/home/matejko/SLAM_AI/install/ai_slam_eval/share/colcon-core/packages/ai_slam_eval)
[1.634s] INFO:colcon.colcon_ros.task.ament_python.build:Building ROS package in '/home/matejko/SLAM_AI/ai_slam_ws/src/ai_slam_bringup' with build type 'ament_python'
[1.634s] Level 1:colcon.colcon_core.shell:create_environment_hook('ai_slam_bringup', 'ament_prefix_path')
[1.634s] INFO:colcon.colcon_core.shell:Creating environment hook '/home/matejko/SLAM_AI/install/ai_slam_bringup/share/ai_slam_bringup/hook/ament_prefix_path.ps1'
[1.635s] INFO:colcon.colcon_core.shell:Creating environment descriptor '/home/matejko/SLAM_AI/install/ai_slam_bringup/share/ai_slam_bringup/hook/ament_prefix_path.dsv'
[1.635s] INFO:colcon.colcon_core.shell:Creating environment hook '/home/matejko/SLAM_AI/install/ai_slam_bringup/share/ai_slam_bringup/hook/ament_prefix_path.sh'
[1.636s] INFO:colcon.colcon_core.shell:Skip shell extension 'powershell' for command environment: Not usable outside of PowerShell
[1.636s] DEBUG:colcon.colcon_core.shell:Skip shell extension 'dsv' for command environment
[2.934s] INFO:colcon.colcon_core.task.python.build:Building Python package in '/home/matejko/SLAM_AI/ai_slam_ws/src/ai_slam_bringup'
[2.934s] INFO:colcon.colcon_core.shell:Skip shell extension 'powershell' for command environment: Not usable outside of PowerShell
[2.934s] DEBUG:colcon.colcon_core.shell:Skip shell extension 'dsv' for command environment
[4.484s] DEBUG:colcon.colcon_core.event_handler.log_command:Invoking command in '/home/matejko/SLAM_AI/build/ai_slam_bringup': AMENT_PREFIX_PATH=/home/matejko/SLAM_AI/install/ai_slam_gazebo:/home/matejko/SLAM_AI/install/ai_slam_eval:/home/matejko/SLAM_AI/install/ai_slam_description:/home/matejko/SLAM_AI/install/ai_slam_ai:${AMENT_PREFIX_PATH} PS1=(.venv) \[\e]0;\u@\h: \w\a\]${debian_chroot:+($debian_chroot)}\[\033[01;32m\]\u@\h\[\033[00m\]:\[\033[01;34m\]\w\[\033[00m\]\$ PYTHONPATH=/home/matejko/SLAM_AI/build/ai_slam_bringup/prefix_override:/usr/lib/python3/dist-packages/colcon_core/task/python/colcon_distutils_commands:/home/matejko/SLAM_AI/install/ai_slam_bringup/lib/python3.12/site-packages:/home/matejko/SLAM_AI/build/ai_slam_gazebo:/home/matejko/SLAM_AI/install/ai_slam_gazebo/lib/python3.12/site-packages:/home/matejko/SLAM_AI/build/ai_slam_eval:/home/matejko/SLAM_AI/install/ai_slam_eval/lib/python3.12/site-packages:/home/matejko/SLAM_AI/build/ai_slam_description:/home/matejko/SLAM_AI/install/ai_slam_description/lib/python3.12/site-packages:/home/matejko/SLAM_AI/build/ai_slam_ai:/home/matejko/SLAM_AI/install/ai_slam_ai/lib/python3.12/site-packages:${PYTHONPATH} VIRTUAL_ENV_PROMPT=(.venv) /usr/bin/python3 -W ignore:setup.py install is deprecated -W ignore:easy_install command is deprecated setup.py develop --editable --build-directory /home/matejko/SLAM_AI/build/ai_slam_bringup/build --no-deps symlink_data
[4.871s] Level 1:colcon.colcon_core.shell:create_environment_hook('ai_slam_bringup', 'pythonpath_develop')
[4.871s] DEBUG:colcon.colcon_core.event_handler.log_command:Invoked command in '/home/matejko/SLAM_AI/build/ai_slam_bringup' returned '0': AMENT_PREFIX_PATH=/home/matejko/SLAM_AI/install/ai_slam_gazebo:/home/matejko/SLAM_AI/install/ai_slam_eval:/home/matejko/SLAM_AI/install/ai_slam_description:/home/matejko/SLAM_AI/install/ai_slam_ai:${AMENT_PREFIX_PATH} PS1=(.venv) \[\e]0;\u@\h: \w\a\]${debian_chroot:+($debian_chroot)}\[\033[01;32m\]\u@\h\[\033[00m\]:\[\033[01;34m\]\w\[\033[00m\]\$ PYTHONPATH=/home/matejko/SLAM_AI/build/ai_slam_bringup/prefix_override:/usr/lib/python3/dist-packages/colcon_core/task/python/colcon_distutils_commands:/home/matejko/SLAM_AI/install/ai_slam_bringup/lib/python3.12/site-packages:/home/matejko/SLAM_AI/build/ai_slam_gazebo:/home/matejko/SLAM_AI/install/ai_slam_gazebo/lib/python3.12/site-packages:/home/matejko/SLAM_AI/build/ai_slam_eval:/home/matejko/SLAM_AI/install/ai_slam_eval/lib/python3.12/site-packages:/home/matejko/SLAM_AI/build/ai_slam_description:/home/matejko/SLAM_AI/install/ai_slam_description/lib/python3.12/site-packages:/home/matejko/SLAM_AI/build/ai_slam_ai:/home/matejko/SLAM_AI/install/ai_slam_ai/lib/python3.12/site-packages:${PYTHONPATH} VIRTUAL_ENV_PROMPT=(.venv) /usr/bin/python3 -W ignore:setup.py install is deprecated -W ignore:easy_install command is deprecated setup.py develop --editable --build-directory /home/matejko/SLAM_AI/build/ai_slam_bringup/build --no-deps symlink_data
[4.871s] INFO:colcon.colcon_core.shell:Creating environment hook '/home/matejko/SLAM_AI/build/ai_slam_bringup/share/ai_slam_bringup/hook/pythonpath_develop.ps1'
[4.872s] INFO:colcon.colcon_core.shell:Creating environment descriptor '/home/matejko/SLAM_AI/build/ai_slam_bringup/share/ai_slam_bringup/hook/pythonpath_develop.dsv'
[4.872s] INFO:colcon.colcon_core.shell:Creating environment hook '/home/matejko/SLAM_AI/build/ai_slam_bringup/share/ai_slam_bringup/hook/pythonpath_develop.sh'
[4.872s] Level 1:colcon.colcon_core.environment:checking '/home/matejko/SLAM_AI/install/ai_slam_bringup' for CMake module files
[4.872s] Level 1:colcon.colcon_core.environment:checking '/home/matejko/SLAM_AI/install/ai_slam_bringup' for CMake config files
[4.872s] Level 1:colcon.colcon_core.environment:checking '/home/matejko/SLAM_AI/install/ai_slam_bringup/lib'
[4.872s] Level 1:colcon.colcon_core.environment:checking '/home/matejko/SLAM_AI/install/ai_slam_bringup/bin'
[4.872s] Level 1:colcon.colcon_core.environment:checking '/home/matejko/SLAM_AI/install/ai_slam_bringup/lib/pkgconfig/ai_slam_bringup.pc'
[4.873s] Level 1:colcon.colcon_core.environment:checking '/home/matejko/SLAM_AI/install/ai_slam_bringup/lib/python3.12/site-packages'
[4.873s] Level 1:colcon.colcon_core.shell:create_environment_hook('ai_slam_bringup', 'pythonpath')
[4.873s] INFO:colcon.colcon_core.shell:Creating environment hook '/home/matejko/SLAM_AI/install/ai_slam_bringup/share/ai_slam_bringup/hook/pythonpath.ps1'
[4.873s] INFO:colcon.colcon_core.shell:Creating environment descriptor '/home/matejko/SLAM_AI/install/ai_slam_bringup/share/ai_slam_bringup/hook/pythonpath.dsv'
[4.873s] INFO:colcon.colcon_core.shell:Creating environment hook '/home/matejko/SLAM_AI/install/ai_slam_bringup/share/ai_slam_bringup/hook/pythonpath.sh'
[4.873s] Level 1:colcon.colcon_core.environment:checking '/home/matejko/SLAM_AI/install/ai_slam_bringup/bin'
[4.873s] Level 1:colcon.colcon_core.environment:create_environment_scripts_only(ai_slam_bringup)
[4.873s] INFO:colcon.colcon_core.shell:Creating package script '/home/matejko/SLAM_AI/install/ai_slam_bringup/share/ai_slam_bringup/package.ps1'
[4.874s] INFO:colcon.colcon_core.shell:Creating package descriptor '/home/matejko/SLAM_AI/install/ai_slam_bringup/share/ai_slam_bringup/package.dsv'
[4.874s] INFO:colcon.colcon_core.shell:Creating package script '/home/matejko/SLAM_AI/install/ai_slam_bringup/share/ai_slam_bringup/package.sh'
[4.874s] INFO:colcon.colcon_core.shell:Creating package script '/home/matejko/SLAM_AI/install/ai_slam_bringup/share/ai_slam_bringup/package.bash'
[4.874s] INFO:colcon.colcon_core.shell:Creating package script '/home/matejko/SLAM_AI/install/ai_slam_bringup/share/ai_slam_bringup/package.zsh'
[4.874s] Level 1:colcon.colcon_core.environment:create_file_with_runtime_dependencies(/home/matejko/SLAM_AI/install/ai_slam_bringup/share/colcon-core/packages/ai_slam_bringup)
[4.875s] DEBUG:colcon.colcon_parallel_executor.executor.parallel:closing loop
[4.875s] DEBUG:colcon.colcon_parallel_executor.executor.parallel:loop closed
[4.875s] DEBUG:colcon.colcon_parallel_executor.executor.parallel:run_until_complete finished with '0'
[4.875s] DEBUG:colcon.colcon_core.event_reactor:joining thread
[4.879s] INFO:colcon.colcon_core.plugin_system:Skipping extension 'colcon_notification.desktop_notification.terminal_notifier': Not used on non-Darwin systems
[4.879s] INFO:colcon.colcon_core.plugin_system:Skipping extension 'colcon_notification.desktop_notification.win32': Not used on non-Windows systems
[4.879s] INFO:colcon.colcon_notification.desktop_notification:Sending desktop notification using 'notify2'
[4.882s] DEBUG:colcon.colcon_core.event_reactor:joined thread
[4.882s] INFO:colcon.colcon_core.shell:Creating prefix script '/home/matejko/SLAM_AI/install/local_setup.ps1'
[4.882s] INFO:colcon.colcon_core.shell:Creating prefix util module '/home/matejko/SLAM_AI/install/_local_setup_util_ps1.py'
[4.883s] INFO:colcon.colcon_core.shell:Creating prefix chain script '/home/matejko/SLAM_AI/install/setup.ps1'
[4.883s] INFO:colcon.colcon_core.shell:Creating prefix script '/home/matejko/SLAM_AI/install/local_setup.sh'
[4.883s] INFO:colcon.colcon_core.shell:Creating prefix util module '/home/matejko/SLAM_AI/install/_local_setup_util_sh.py'
[4.883s] INFO:colcon.colcon_core.shell:Creating prefix chain script '/home/matejko/SLAM_AI/install/setup.sh'
[4.884s] INFO:colcon.colcon_core.shell:Creating prefix script '/home/matejko/SLAM_AI/install/local_setup.bash'
[4.884s] INFO:colcon.colcon_core.shell:Creating prefix chain script '/home/matejko/SLAM_AI/install/setup.bash'
[4.890s] INFO:colcon.colcon_core.shell:Creating prefix script '/home/matejko/SLAM_AI/install/local_setup.zsh'
[4.891s] INFO:colcon.colcon_core.shell:Creating prefix chain script '/home/matejko/SLAM_AI/install/setup.zsh'
