[2.113s] Invoking command in '/home/matejko/SLAM_AI/build/ai_slam_bringup': AMENT_PREFIX_PATH=/home/matejko/SLAM_AI/install/ai_slam_gazebo:/home/matejko/SLAM_AI/install/ai_slam_eval:/home/matejko/SLAM_AI/install/ai_slam_description:/home/matejko/SLAM_AI/install/ai_slam_ai:${AMENT_PREFIX_PATH} PS1=(.venv) \[\e]0;\u@\h: \w\a\]${debian_chroot:+($debian_chroot)}\[\033[01;32m\]\u@\h\[\033[00m\]:\[\033[01;34m\]\w\[\033[00m\]\$ PYTHONPATH=/home/matejko/SLAM_AI/build/ai_slam_bringup/prefix_override:/usr/lib/python3/dist-packages/colcon_core/task/python/colcon_distutils_commands:/home/matejko/SLAM_AI/install/ai_slam_bringup/lib/python3.12/site-packages:/home/matejko/SLAM_AI/build/ai_slam_gazebo:/home/matejko/SLAM_AI/install/ai_slam_gazebo/lib/python3.12/site-packages:/home/matejko/SLAM_AI/build/ai_slam_eval:/home/matejko/SLAM_AI/install/ai_slam_eval/lib/python3.12/site-packages:/home/matejko/SLAM_AI/build/ai_slam_description:/home/matejko/SLAM_AI/install/ai_slam_description/lib/python3.12/site-packages:/home/matejko/SLAM_AI/build/ai_slam_ai:/home/matejko/SLAM_AI/install/ai_slam_ai/lib/python3.12/site-packages:${PYTHONPATH} VIRTUAL_ENV_PROMPT=(.venv) /usr/bin/python3 -W ignore:setup.py install is deprecated -W ignore:easy_install command is deprecated setup.py develop --editable --build-directory /home/matejko/SLAM_AI/build/ai_slam_bringup/build --no-deps symlink_data
[2.298s] running develop
[2.415s] running egg_info
[2.415s] creating ai_slam_bringup.egg-info
[2.426s] writing ai_slam_bringup.egg-info/PKG-INFO
[2.426s] writing dependency_links to ai_slam_bringup.egg-info/dependency_links.txt
[2.426s] writing entry points to ai_slam_bringup.egg-info/entry_points.txt
[2.427s] writing requirements to ai_slam_bringup.egg-info/requires.txt
[2.427s] writing top-level names to ai_slam_bringup.egg-info/top_level.txt
[2.427s] writing manifest file 'ai_slam_bringup.egg-info/SOURCES.txt'
[2.450s] reading manifest file 'ai_slam_bringup.egg-info/SOURCES.txt'
[2.450s] writing manifest file 'ai_slam_bringup.egg-info/SOURCES.txt'
[2.462s] running build_ext
[2.462s] Creating /home/matejko/SLAM_AI/install/ai_slam_bringup/lib/python3.12/site-packages/ai-slam-bringup.egg-link (link to .)
[2.462s] Installing auto_driver script to /home/matejko/SLAM_AI/install/ai_slam_bringup/lib/ai_slam_bringup
[2.463s] Installing gt_pose_publisher script to /home/matejko/SLAM_AI/install/ai_slam_bringup/lib/ai_slam_bringup
[2.463s] Installing lifecycle_manager script to /home/matejko/SLAM_AI/install/ai_slam_bringup/lib/ai_slam_bringup
[2.463s] Installing odom_corruptor script to /home/matejko/SLAM_AI/install/ai_slam_bringup/lib/ai_slam_bringup
[2.463s] Installing scan_fix script to /home/matejko/SLAM_AI/install/ai_slam_bringup/lib/ai_slam_bringup
[2.463s] Installing scan_matcher script to /home/matejko/SLAM_AI/install/ai_slam_bringup/lib/ai_slam_bringup
[2.463s] 
[2.463s] Installed /home/matejko/SLAM_AI/build/ai_slam_bringup
[2.463s] running symlink_data
[2.463s] creating /home/matejko/SLAM_AI/install/ai_slam_bringup/share/ament_index
[2.463s] creating /home/matejko/SLAM_AI/install/ai_slam_bringup/share/ament_index/resource_index
[2.463s] creating /home/matejko/SLAM_AI/install/ai_slam_bringup/share/ament_index/resource_index/packages
[2.463s] symbolically linking /home/matejko/SLAM_AI/build/ai_slam_bringup/resource/ai_slam_bringup -> /home/matejko/SLAM_AI/install/ai_slam_bringup/share/ament_index/resource_index/packages
[2.463s] symbolically linking /home/matejko/SLAM_AI/build/ai_slam_bringup/package.xml -> /home/matejko/SLAM_AI/install/ai_slam_bringup/share/ai_slam_bringup
[2.464s] creating /home/matejko/SLAM_AI/install/ai_slam_bringup/share/ai_slam_bringup/launch
[2.464s] symbolically linking /home/matejko/SLAM_AI/build/ai_slam_bringup/launch/demo.launch.py -> /home/matejko/SLAM_AI/install/ai_slam_bringup/share/ai_slam_bringup/launch
[2.464s] creating /home/matejko/SLAM_AI/install/ai_slam_bringup/share/ai_slam_bringup/config
[2.464s] symbolically linking /home/matejko/SLAM_AI/build/ai_slam_bringup/config/experiment_config.yaml -> /home/matejko/SLAM_AI/install/ai_slam_bringup/share/ai_slam_bringup/config
[2.464s] symbolically linking /home/matejko/SLAM_AI/build/ai_slam_bringup/config/slam_toolbox_ai.yaml -> /home/matejko/SLAM_AI/install/ai_slam_bringup/share/ai_slam_bringup/config
[2.464s] symbolically linking /home/matejko/SLAM_AI/build/ai_slam_bringup/config/fast_test.yaml -> /home/matejko/SLAM_AI/install/ai_slam_bringup/share/ai_slam_bringup/config
[2.464s] symbolically linking /home/matejko/SLAM_AI/build/ai_slam_bringup/config/config_test_house.yaml -> /home/matejko/SLAM_AI/install/ai_slam_bringup/share/ai_slam_bringup/config
[2.464s] symbolically linking /home/matejko/SLAM_AI/build/ai_slam_bringup/config/slam_toolbox_baseline.yaml -> /home/matejko/SLAM_AI/install/ai_slam_bringup/share/ai_slam_bringup/config
[2.464s] symbolically linking /home/matejko/SLAM_AI/build/ai_slam_bringup/config/config_train_house.yaml -> /home/matejko/SLAM_AI/install/ai_slam_bringup/share/ai_slam_bringup/config
[2.482s] Invoked command in '/home/matejko/SLAM_AI/build/ai_slam_bringup' returned '0': AMENT_PREFIX_PATH=/home/matejko/SLAM_AI/install/ai_slam_gazebo:/home/matejko/SLAM_AI/install/ai_slam_eval:/home/matejko/SLAM_AI/install/ai_slam_description:/home/matejko/SLAM_AI/install/ai_slam_ai:${AMENT_PREFIX_PATH} PS1=(.venv) \[\e]0;\u@\h: \w\a\]${debian_chroot:+($debian_chroot)}\[\033[01;32m\]\u@\h\[\033[00m\]:\[\033[01;34m\]\w\[\033[00m\]\$ PYTHONPATH=/home/matejko/SLAM_AI/build/ai_slam_bringup/prefix_override:/usr/lib/python3/dist-packages/colcon_core/task/python/colcon_distutils_commands:/home/matejko/SLAM_AI/install/ai_slam_bringup/lib/python3.12/site-packages:/home/matejko/SLAM_AI/build/ai_slam_gazebo:/home/matejko/SLAM_AI/install/ai_slam_gazebo/lib/python3.12/site-packages:/home/matejko/SLAM_AI/build/ai_slam_eval:/home/matejko/SLAM_AI/install/ai_slam_eval/lib/python3.12/site-packages:/home/matejko/SLAM_AI/build/ai_slam_description:/home/matejko/SLAM_AI/install/ai_slam_description/lib/python3.12/site-packages:/home/matejko/SLAM_AI/build/ai_slam_ai:/home/matejko/SLAM_AI/install/ai_slam_ai/lib/python3.12/site-packages:${PYTHONPATH} VIRTUAL_ENV_PROMPT=(.venv) /usr/bin/python3 -W ignore:setup.py install is deprecated -W ignore:easy_install command is deprecated setup.py develop --editable --build-directory /home/matejko/SLAM_AI/build/ai_slam_bringup/build --no-deps symlink_data
