[0.841s] Invoking command in '/home/matejko/SLAM_AI/build/ai_slam_description': PS1=(.venv) \[\e]0;\u@\h: \w\a\]${debian_chroot:+($debian_chroot)}\[\033[01;32m\]\u@\h\[\033[00m\]:\[\033[01;34m\]\w\[\033[00m\]\$ PYTHONPATH=/home/matejko/SLAM_AI/build/ai_slam_description/prefix_override:/usr/lib/python3/dist-packages/colcon_core/task/python/colcon_distutils_commands:/home/matejko/SLAM_AI/install/ai_slam_description/lib/python3.12/site-packages:${PYTHONPATH} VIRTUAL_ENV_PROMPT=(.venv) /usr/bin/python3 -W ignore:setup.py install is deprecated -W ignore:easy_install command is deprecated setup.py develop --editable --build-directory /home/matejko/SLAM_AI/build/ai_slam_description/build --no-deps symlink_data
[1.020s] running develop
[1.134s] running egg_info
[1.134s] creating ai_slam_description.egg-info
[1.146s] writing ai_slam_description.egg-info/PKG-INFO
[1.146s] writing dependency_links to ai_slam_description.egg-info/dependency_links.txt
[1.147s] writing requirements to ai_slam_description.egg-info/requires.txt
[1.147s] writing top-level names to ai_slam_description.egg-info/top_level.txt
[1.147s] writing manifest file 'ai_slam_description.egg-info/SOURCES.txt'
[1.170s] reading manifest file 'ai_slam_description.egg-info/SOURCES.txt'
[1.170s] writing manifest file 'ai_slam_description.egg-info/SOURCES.txt'
[1.184s] running build_ext
[1.185s] Creating /home/matejko/SLAM_AI/install/ai_slam_description/lib/python3.12/site-packages/ai-slam-description.egg-link (link to .)
[1.185s] 
[1.185s] Installed /home/matejko/SLAM_AI/build/ai_slam_description
[1.185s] running symlink_data
[1.185s] creating /home/matejko/SLAM_AI/install/ai_slam_description/share/ament_index
[1.185s] creating /home/matejko/SLAM_AI/install/ai_slam_description/share/ament_index/resource_index
[1.185s] creating /home/matejko/SLAM_AI/install/ai_slam_description/share/ament_index/resource_index/packages
[1.185s] symbolically linking /home/matejko/SLAM_AI/build/ai_slam_description/resource/ai_slam_description -> /home/matejko/SLAM_AI/install/ai_slam_description/share/ament_index/resource_index/packages
[1.186s] symbolically linking /home/matejko/SLAM_AI/build/ai_slam_description/package.xml -> /home/matejko/SLAM_AI/install/ai_slam_description/share/ai_slam_description
[1.186s] creating /home/matejko/SLAM_AI/install/ai_slam_description/share/ai_slam_description/urdf
[1.186s] symbolically linking /home/matejko/SLAM_AI/build/ai_slam_description/urdf/diffbot.urdf -> /home/matejko/SLAM_AI/install/ai_slam_description/share/ai_slam_description/urdf
[1.186s] creating /home/matejko/SLAM_AI/install/ai_slam_description/share/ai_slam_description/models
[1.186s] symbolically linking /home/matejko/SLAM_AI/build/ai_slam_description/models/diffbot.sdf -> /home/matejko/SLAM_AI/install/ai_slam_description/share/ai_slam_description/models
[1.215s] Invoked command in '/home/matejko/SLAM_AI/build/ai_slam_description' returned '0': PS1=(.venv) \[\e]0;\u@\h: \w\a\]${debian_chroot:+($debian_chroot)}\[\033[01;32m\]\u@\h\[\033[00m\]:\[\033[01;34m\]\w\[\033[00m\]\$ PYTHONPATH=/home/matejko/SLAM_AI/build/ai_slam_description/prefix_override:/usr/lib/python3/dist-packages/colcon_core/task/python/colcon_distutils_commands:/home/matejko/SLAM_AI/install/ai_slam_description/lib/python3.12/site-packages:${PYTHONPATH} VIRTUAL_ENV_PROMPT=(.venv) /usr/bin/python3 -W ignore:setup.py install is deprecated -W ignore:easy_install command is deprecated setup.py develop --editable --build-directory /home/matejko/SLAM_AI/build/ai_slam_description/build --no-deps symlink_data
