[2.850s] Invoking command in '/home/matejko/SLAM_AI/build/ai_slam_bringup': AMENT_PREFIX_PATH=/home/matejko/SLAM_AI/install/ai_slam_gazebo:/home/matejko/SLAM_AI/install/ai_slam_eval:/home/matejko/SLAM_AI/install/ai_slam_description:/home/matejko/SLAM_AI/install/ai_slam_ai:${AMENT_PREFIX_PATH} PS1=(.venv) \[\e]0;\u@\h: \w\a\]${debian_chroot:+($debian_chroot)}\[\033[01;32m\]\u@\h\[\033[00m\]:\[\033[01;34m\]\w\[\033[00m\]\$ PYTHONPATH=/home/matejko/SLAM_AI/build/ai_slam_bringup/prefix_override:/usr/lib/python3/dist-packages/colcon_core/task/python/colcon_distutils_commands:/home/matejko/SLAM_AI/install/ai_slam_bringup/lib/python3.12/site-packages:/home/matejko/SLAM_AI/build/ai_slam_gazebo:/home/matejko/SLAM_AI/install/ai_slam_gazebo/lib/python3.12/site-packages:/home/matejko/SLAM_AI/build/ai_slam_eval:/home/matejko/SLAM_AI/install/ai_slam_eval/lib/python3.12/site-packages:/home/matejko/SLAM_AI/build/ai_slam_description:/home/matejko/SLAM_AI/install/ai_slam_description/lib/python3.12/site-packages:/home/matejko/SLAM_AI/build/ai_slam_ai:/home/matejko/SLAM_AI/install/ai_slam_ai/lib/python3.12/site-packages:${PYTHONPATH} VIRTUAL_ENV_PROMPT=(.venv) /usr/bin/python3 -W ignore:setup.py install is deprecated -W ignore:easy_install command is deprecated setup.py develop --editable --build-directory /home/matejko/SLAM_AI/build/ai_slam_bringup/build --no-deps symlink_data
[3.046s] running develop
[3.167s] running egg_info
[3.167s] creating ai_slam_bringup.egg-info
[3.179s] writing ai_slam_bringup.egg-info/PKG-INFO
[3.180s] writing dependency_links to ai_slam_bringup.egg-info/dependency_links.txt
[3.180s] writing entry points to ai_slam_bringup.egg-info/entry_points.txt
[3.180s] writing requirements to ai_slam_bringup.egg-info/requires.txt
[3.180s] writing top-level names to ai_slam_bringup.egg-info/top_level.txt
[3.180s] writing manifest file 'ai_slam_bringup.egg-info/SOURCES.txt'
[3.204s] reading manifest file 'ai_slam_bringup.egg-info/SOURCES.txt'
[3.205s] writing manifest file 'ai_slam_bringup.egg-info/SOURCES.txt'
[3.218s] running build_ext
[3.218s] Creating /home/matejko/SLAM_AI/install/ai_slam_bringup/lib/python3.12/site-packages/ai-slam-bringup.egg-link (link to .)
[3.218s] Installing auto_driver script to /home/matejko/SLAM_AI/install/ai_slam_bringup/lib/ai_slam_bringup
[3.218s] Installing gt_pose_publisher script to /home/matejko/SLAM_AI/install/ai_slam_bringup/lib/ai_slam_bringup
[3.218s] Installing lifecycle_manager script to /home/matejko/SLAM_AI/install/ai_slam_bringup/lib/ai_slam_bringup
[3.218s] Installing odom_corruptor script to /home/matejko/SLAM_AI/install/ai_slam_bringup/lib/ai_slam_bringup
[3.219s] Installing scan_fix script to /home/matejko/SLAM_AI/install/ai_slam_bringup/lib/ai_slam_bringup
[3.219s] Installing scan_matcher script to /home/matejko/SLAM_AI/install/ai_slam_bringup/lib/ai_slam_bringup
[3.219s] 
[3.219s] Installed /home/matejko/SLAM_AI/build/ai_slam_bringup
[3.219s] running symlink_data
[3.219s] creating /home/matejko/SLAM_AI/install/ai_slam_bringup/share/ament_index
[3.219s] creating /home/matejko/SLAM_AI/install/ai_slam_bringup/share/ament_index/resource_index
[3.219s] creating /home/matejko/SLAM_AI/install/ai_slam_bringup/share/ament_index/resource_index/packages
[3.219s] symbolically linking /home/matejko/SLAM_AI/build/ai_slam_bringup/resource/ai_slam_bringup -> /home/matejko/SLAM_AI/install/ai_slam_bringup/share/ament_index/resource_index/packages
[3.219s] symbolically linking /home/matejko/SLAM_AI/build/ai_slam_bringup/package.xml -> /home/matejko/SLAM_AI/install/ai_slam_bringup/share/ai_slam_bringup
[3.219s] creating /home/matejko/SLAM_AI/install/ai_slam_bringup/share/ai_slam_bringup/launch
[3.219s] symbolically linking /home/matejko/SLAM_AI/build/ai_slam_bringup/launch/demo.launch.py -> /home/matejko/SLAM_AI/install/ai_slam_bringup/share/ai_slam_bringup/launch
[3.219s] creating /home/matejko/SLAM_AI/install/ai_slam_bringup/share/ai_slam_bringup/config
[3.220s] symbolically linking /home/matejko/SLAM_AI/build/ai_slam_bringup/config/experiment_config.yaml -> /home/matejko/SLAM_AI/install/ai_slam_bringup/share/ai_slam_bringup/config
[3.220s] symbolically linking /home/matejko/SLAM_AI/build/ai_slam_bringup/config/slam_toolbox_ai.yaml -> /home/matejko/SLAM_AI/install/ai_slam_bringup/share/ai_slam_bringup/config
[3.220s] symbolically linking /home/matejko/SLAM_AI/build/ai_slam_bringup/config/fast_test.yaml -> /home/matejko/SLAM_AI/install/ai_slam_bringup/share/ai_slam_bringup/config
[3.220s] symbolically linking /home/matejko/SLAM_AI/build/ai_slam_bringup/config/slam_toolbox_baseline.yaml -> /home/matejko/SLAM_AI/install/ai_slam_bringup/share/ai_slam_bringup/config
[3.236s] Invoked command in '/home/matejko/SLAM_AI/build/ai_slam_bringup' returned '0': AMENT_PREFIX_PATH=/home/matejko/SLAM_AI/install/ai_slam_gazebo:/home/matejko/SLAM_AI/install/ai_slam_eval:/home/matejko/SLAM_AI/install/ai_slam_description:/home/matejko/SLAM_AI/install/ai_slam_ai:${AMENT_PREFIX_PATH} PS1=(.venv) \[\e]0;\u@\h: \w\a\]${debian_chroot:+($debian_chroot)}\[\033[01;32m\]\u@\h\[\033[00m\]:\[\033[01;34m\]\w\[\033[00m\]\$ PYTHONPATH=/home/matejko/SLAM_AI/build/ai_slam_bringup/prefix_override:/usr/lib/python3/dist-packages/colcon_core/task/python/colcon_distutils_commands:/home/matejko/SLAM_AI/install/ai_slam_bringup/lib/python3.12/site-packages:/home/matejko/SLAM_AI/build/ai_slam_gazebo:/home/matejko/SLAM_AI/install/ai_slam_gazebo/lib/python3.12/site-packages:/home/matejko/SLAM_AI/build/ai_slam_eval:/home/matejko/SLAM_AI/install/ai_slam_eval/lib/python3.12/site-packages:/home/matejko/SLAM_AI/build/ai_slam_description:/home/matejko/SLAM_AI/install/ai_slam_description/lib/python3.12/site-packages:/home/matejko/SLAM_AI/build/ai_slam_ai:/home/matejko/SLAM_AI/install/ai_slam_ai/lib/python3.12/site-packages:${PYTHONPATH} VIRTUAL_ENV_PROMPT=(.venv) /usr/bin/python3 -W ignore:setup.py install is deprecated -W ignore:easy_install command is deprecated setup.py develop --editable --build-directory /home/matejko/SLAM_AI/build/ai_slam_bringup/build --no-deps symlink_data
